Component: Arm Compiler for Embedded 6.19 Tool: armlink [5e73cb00]

==============================================================================

Section Cross References

    main.o(.text.IRApplicationCallBackFunc) refers to infraredsensor.o(.data.InfraredSensorPin) for InfraredSensorPin
    main.o(.text.IRApplicationCallBackFunc) refers to gpio.o(.text.GPIO_EXTIClearInterrupt) for GPIO_EXTIClearInterrupt
    main.o(.text.IRApplicationCallBackFunc) refers to main.o(.bss.xBinarySemaphore) for xBinarySemaphore
    main.o(.text.IRApplicationCallBackFunc) refers to queue.o(.text.xQueueGiveFromISR) for xQueueGiveFromISR
    main.o(.text.IRApplicationCallBackFunc) refers to main.o(.bss.AutoSwitch1Jam_Flag) for AutoSwitch1Jam_Flag
    main.o(.text.IRApplicationCallBackFunc) refers to main.o(.bss.AutoSwitch2Jam_Flag) for AutoSwitch2Jam_Flag
    main.o(.ARM.exidx.text.IRApplicationCallBackFunc) refers to main.o(.text.IRApplicationCallBackFunc) for [Anonymous Symbol]
    main.o(.text.LimitSwitch1ApplicationCallBack) refers to switch.o(.text.LimitSwitch1_EXTIClearInterrupt) for LimitSwitch1_EXTIClearInterrupt
    main.o(.text.LimitSwitch1ApplicationCallBack) refers to main.o(.bss.BinarySemaphoreLimitSwitch1) for BinarySemaphoreLimitSwitch1
    main.o(.text.LimitSwitch1ApplicationCallBack) refers to queue.o(.text.xQueueGiveFromISR) for xQueueGiveFromISR
    main.o(.ARM.exidx.text.LimitSwitch1ApplicationCallBack) refers to main.o(.text.LimitSwitch1ApplicationCallBack) for [Anonymous Symbol]
    main.o(.text.LimitSwitch2ApplicationCallBack) refers to switch.o(.text.LimitSwitch2_EXTIClearInterrupt) for LimitSwitch2_EXTIClearInterrupt
    main.o(.text.LimitSwitch2ApplicationCallBack) refers to main.o(.bss.BinarySemaphoreLimitSwitch2) for BinarySemaphoreLimitSwitch2
    main.o(.text.LimitSwitch2ApplicationCallBack) refers to queue.o(.text.xQueueGiveFromISR) for xQueueGiveFromISR
    main.o(.ARM.exidx.text.LimitSwitch2ApplicationCallBack) refers to main.o(.text.LimitSwitch2ApplicationCallBack) for [Anonymous Symbol]
    main.o(.text.main) refers to infraredsensor.o(.data.InfraredSensorPin) for InfraredSensorPin
    main.o(.text.main) refers to main.o(.text.IRApplicationCallBackFunc) for IRApplicationCallBackFunc
    main.o(.text.main) refers to gpio.o(.text.RegisterCallbackFunction) for RegisterCallbackFunction
    main.o(.text.main) refers to switch.o(.data.GPIO_ConfigLimitSwitch) for GPIO_ConfigLimitSwitch
    main.o(.text.main) refers to main.o(.text.LimitSwitch1ApplicationCallBack) for LimitSwitch1ApplicationCallBack
    main.o(.text.main) refers to main.o(.text.LimitSwitch2ApplicationCallBack) for LimitSwitch2ApplicationCallBack
    main.o(.text.main) refers to infraredsensor.o(.text.InitializeInfraredSensorInputPin) for InitializeInfraredSensorInputPin
    main.o(.text.main) refers to switch.o(.text.Switch_Initialization) for Switch_Initialization
    main.o(.text.main) refers to dc_motor.o(.text.DcMotor_Initialization) for DcMotor_Initialization
    main.o(.text.main) refers to hc-05.o(.text.HC05_Initialization) for HC05_Initialization
    main.o(.text.main) refers to dc_motor.o(.text.DcMotor_TurnOff) for DcMotor_TurnOff
    main.o(.text.main) refers to queue.o(.text.xQueueGenericCreate) for xQueueGenericCreate
    main.o(.text.main) refers to main.o(.bss.xBinarySemaphore) for xBinarySemaphore
    main.o(.text.main) refers to queue.o(.text.xQueueGenericSend) for xQueueGenericSend
    main.o(.text.main) refers to main.o(.bss.BinarySemaphoreManualSwitch1) for BinarySemaphoreManualSwitch1
    main.o(.text.main) refers to main.o(.bss.BinarySemaphoreLimitSwitch1) for BinarySemaphoreLimitSwitch1
    main.o(.text.main) refers to main.o(.bss.BinarySemaphoreLimitSwitch2) for BinarySemaphoreLimitSwitch2
    main.o(.text.main) refers to queue.o(.text.xQueueCreateMutex) for xQueueCreateMutex
    main.o(.text.main) refers to main.o(.bss.MutexInfraredSensor) for MutexInfraredSensor
    main.o(.text.main) refers to main.o(.bss.MutexLimitSwitch1) for MutexLimitSwitch1
    main.o(.text.main) refers to main.o(.bss.AutoSwitch1Queue) for AutoSwitch1Queue
    main.o(.text.main) refers to main.o(.bss.AutoSwitch2Queue) for AutoSwitch2Queue
    main.o(.text.main) refers to main.o(.bss.AutoSwitch3Queue) for AutoSwitch3Queue
    main.o(.text.main) refers to main.o(.bss.AutoSwitch4Queue) for AutoSwitch4Queue
    main.o(.text.main) refers to main.o(.text.__NVIC_SetPriority) for __NVIC_SetPriority
    main.o(.text.main) refers to main.o(.text.InfraredSensorHandler) for InfraredSensorHandler
    main.o(.text.main) refers to main.o(.rodata.str1.1) for .L.str
    main.o(.text.main) refers to tasks.o(.text.xTaskCreate) for xTaskCreate
    main.o(.text.main) refers to main.o(.text.AutoSwitchTask) for AutoSwitchTask
    main.o(.text.main) refers to main.o(.text.ManualSwitchTask) for ManualSwitchTask
    main.o(.text.main) refers to main.o(.text.OpenWindowAutomatically) for OpenWindowAutomatically
[...]
    _call_atexit_fns                          - Undefined Weak Reference
    _clock_init                               - Undefined Weak Reference
    _fp_trap_init                             - Undefined Weak Reference
    _fp_trap_shutdown                         - Undefined Weak Reference
    _get_lc_collate                           - Undefined Weak Reference
    _get_lc_monetary                          - Undefined Weak Reference
    _get_lc_time                              - Undefined Weak Reference
    _getenv_init                              - Undefined Weak Reference
    _handle_redirection                       - Undefined Weak Reference
    _init_alloc                               - Undefined Weak Reference
    _init_user_alloc                          - Undefined Weak Reference
    _initio                                   - Undefined Weak Reference
    _printf_mbtowc                            - Undefined Weak Reference
    _printf_wc                                - Undefined Weak Reference
    _rand_init                                - Undefined Weak Reference
    _signal_finish                            - Undefined Weak Reference
    _signal_init                              - Undefined Weak Reference
    _terminate_alloc                          - Undefined Weak Reference
    _terminate_user_alloc                     - Undefined Weak Reference
    _terminateio                              - Undefined Weak Reference
    __Vectors_End                            0x0000026c   Data           0  startup_tm4c123.o(RESET)
    __Vectors_Size                           0x0000026c   Number         0  startup_tm4c123.o ABSOLUTE
    __main                                   0x0000026d   Thumb Code     8  __main.o(!!!main)
    __scatterload                            0x00000275   Thumb Code     0  __scatter.o(!!!scatter)
    __scatterload_rt2                        0x00000275   Thumb Code    44  __scatter.o(!!!scatter)
    __scatterload_rt2_thumb_only             0x00000275   Thumb Code     0  __scatter.o(!!!scatter)
    __scatterload_null                       0x00000283   Thumb Code     0  __scatter.o(!!!scatter)
    __scatterload_copy                       0x000002a9   Thumb Code    26  __scatter_copy.o(!!handler_copy)
    __scatterload_zeroinit                   0x000002c5   Thumb Code    28  __scatter_zi.o(!!handler_zi)
    __rt_lib_init                            0x000002e1   Thumb Code     0  libinit.o(.ARM.Collect$$libinit$$00000000)
    __rt_lib_init_fp_1                       0x000002e3   Thumb Code     0  libinit2.o(.ARM.Collect$$libinit$$00000001)
    __rt_lib_init_alloca_1                   0x000002e7   Thumb Code     0  libinit2.o(.ARM.Collect$$libinit$$00000030)
    __rt_lib_init_argv_1                     0x000002e7   Thumb Code     0  libinit2.o(.ARM.Collect$$libinit$$0000002E)
    __rt_lib_init_atexit_1                   0x000002e7   Thumb Code     0  libinit2.o(.ARM.Collect$$libinit$$0000001D)
    __rt_lib_init_clock_1                    0x000002e7   Thumb Code     0  libinit2.o(.ARM.Collect$$libinit$$00000023)
    __rt_lib_init_cpp_1                      0x000002e7   Thumb Code     0  libinit2.o(.ARM.Collect$$libinit$$00000034)
    __rt_lib_init_exceptions_1               0x000002e7   Thumb Code     0  libinit2.o(.ARM.Collect$$libinit$$00000032)
    __rt_lib_init_fp_trap_1                  0x000002e7   Thumb Code     0  libinit2.o(.ARM.Collect$$libinit$$00000021)
    __rt_lib_init_getenv_1                   0x000002e7   Thumb Code     0  libinit2.o(.ARM.Collect$$libinit$$00000025)
    __rt_lib_init_heap_1                     0x000002e7   Thumb Code     0  libinit2.o(.ARM.Collect$$libinit$$0000000C)
    __rt_lib_init_lc_collate_1               0x000002e7   Thumb Code     0  libinit2.o(.ARM.Collect$$libinit$$00000013)
    __rt_lib_init_lc_ctype_1                 0x000002e7   Thumb Code     0  libinit2.o(.ARM.Collect$$libinit$$00000015)
    __rt_lib_init_lc_monetary_1              0x000002e7   Thumb Code     0  libinit2.o(.ARM.Collect$$libinit$$00000017)
    __rt_lib_init_lc_numeric_1               0x000002e7   Thumb Code     0  libinit2.o(.ARM.Collect$$libinit$$00000019)
    __rt_lib_init_lc_time_1                  0x000002e7   Thumb Code     0  libinit2.o(.ARM.Collect$$libinit$$0000001B)
    __rt_lib_init_preinit_1                  0x000002e7   Thumb Code     0  libinit2.o(.ARM.Collect$$libinit$$00000006)
    __rt_lib_init_rand_1                     0x000002e7   Thumb Code     0  libinit2.o(.ARM.Collect$$libinit$$00000010)
    __rt_lib_init_relocate_pie_1             0x000002e7   Thumb Code     0  libinit2.o(.ARM.Collect$$libinit$$00000004)
    __rt_lib_init_return                     0x000002e7   Thumb Code     0  libinit2.o(.ARM.Collect$$libinit$$00000035)
    __rt_lib_init_signal_1                   0x000002e7   Thumb Code     0  libinit2.o(.ARM.Collect$$libinit$$0000001F)
    __rt_lib_init_stdio_1                    0x000002e7   Thumb Code     0  libinit2.o(.ARM.Collect$$libinit$$00000027)
    __rt_lib_init_user_alloc_1               0x000002e7   Thumb Code     0  libinit2.o(.ARM.Collect$$libinit$$0000000E)
    __rt_lib_shutdown                        0x000002e9   Thumb Code     0  libshutdown.o(.ARM.Collect$$libshutdown$$00000000)
    __rt_lib_shutdown_cpp_1                  0x000002eb   Thumb Code     0  libshutdown2.o(.ARM.Collect$$libshutdown$$00000002)
    __rt_lib_shutdown_fp_trap_1              0x000002eb   Thumb Code     0  libshutdown2.o(.ARM.Collect$$libshutdown$$00000007)
    __rt_lib_shutdown_heap_1                 0x000002eb   Thumb Code     0  libshutdown2.o(.ARM.Collect$$libshutdown$$0000000F)
    __rt_lib_shutdown_return                 0x000002eb   Thumb Code     0  libshutdown2.o(.ARM.Collect$$libshutdown$$00000010)
    __rt_lib_shutdown_signal_1               0x000002eb   Thumb Code     0  libshutdown2.o(.ARM.Collect$$libshutdown$$0000000A)
    __rt_lib_shutdown_stdio_1                0x000002eb   Thumb Code     0  libshutdown2.o(.ARM.Collect$$libshutdown$$00000004)
    __rt_lib_shutdown_user_alloc_1           0x000002eb   Thumb Code     0  libshutdown2.o(.ARM.Collect$$libshutdown$$0000000C)
    __rt_entry                               0x000002ed   Thumb Code     0  __rtentry.o(.ARM.Collect$$rtentry$$00000000)
    __rt_entry_presh_1                       0x000002ed   Thumb Code     0  __rtentry2.o(.ARM.Collect$$rtentry$$00000002)
    __rt_entry_sh                            0x000002ed   Thumb Code     0  __rtentry4.o(.ARM.Collect$$rtentry$$00000004)
    __rt_entry_li                            0x000002f3   Thumb Code     0  __rtentry2.o(.ARM.Collect$$rtentry$$0000000A)
    __rt_entry_postsh_1                      0x000002f3   Thumb Code     0  __rtentry2.o(.ARM.Collect$$rtentry$$00000009)
    __rt_entry_main                          0x000002f7   Thumb Code     0  __rtentry2.o(.ARM.Collect$$rtentry$$0000000D)
    __rt_entry_postli_1                      0x000002f7   Thumb Code     0  __rtentry2.o(.ARM.Collect$$rtentry$$0000000C)
    __rt_exit                                0x000002ff   Thumb Code     0  rtexit.o(.ARM.Collect$$rtexit$$00000000)
    __rt_exit_ls                             0x00000301   Thumb Code     0  rtexit2.o(.ARM.Collect$$rtexit$$00000003)
    __rt_exit_prels_1                        0x00000301   Thumb Code     0  rtexit2.o(.ARM.Collect$$rtexit$$00000002)
    __rt_exit_exit                           0x00000305   Thumb Code     0  rtexit2.o(.ARM.Collect$$rtexit$$00000004)
    Reset_Handler                            0x0000030d   Thumb Code     8  startup_tm4c123.o(.text)
    NMI_Handler                              0x00000315   Thumb Code     2  startup_tm4c123.o(.text)
    HardFault_Handler                        0x00000317   Thumb Code     2  startup_tm4c123.o(.text)
    MemManage_Handler                        0x00000319   Thumb Code     2  startup_tm4c123.o(.text)
    BusFault_Handler                         0x0000031b   Thumb Code     2  startup_tm4c123.o(.text)
    UsageFault_Handler                       0x0000031d   Thumb Code     2  startup_tm4c123.o(.text)
    DebugMon_Handler                         0x00000321   Thumb Code     2  startup_tm4c123.o(.text)
    UART0_Handler                            0x00000331   Thumb Code     2  startup_tm4c123.o(.text)
    UART1_Handler                            0x00000333   Thumb Code     2  startup_tm4c123.o(.text)
    SSI0_Handler                             0x00000335   Thumb Code     2  startup_tm4c123.o(.text)
    I2C0_Handler                             0x00000337   Thumb Code     2  startup_tm4c123.o(.text)
    PMW0_FAULT_Handler                       0x00000339   Thumb Code     2  startup_tm4c123.o(.text)
    PWM0_0_Handler                           0x0000033b   Thumb Code     2  startup_tm4c123.o(.text)
    PWM0_1_Handler                           0x0000033d   Thumb Code     2  startup_tm4c123.o(.text)
    PWM0_2_Handler                           0x0000033f   Thumb Code     2  startup_tm4c123.o(.text)
    QEI0_Handler                             0x00000341   Thumb Code     2  startup_tm4c123.o(.text)
    ADC0SS0_Handler                          0x00000343   Thumb Code     2  startup_tm4c123.o(.text)
    ADC0SS1_Handler                          0x00000345   Thumb Code     2  startup_tm4c123.o(.text)
    ADC0SS2_Handler                          0x00000347   Thumb Code     2  startup_tm4c123.o(.text)
    ADC0SS3_Handler                          0x00000349   Thumb Code     2  startup_tm4c123.o(.text)
    WDT0_Handler                             0x0000034b   Thumb Code     2  startup_tm4c123.o(.text)
    TIMER0A_Handler                          0x0000034d   Thumb Code     2  startup_tm4c123.o(.text)
    TIMER0B_Handler                          0x0000034f   Thumb Code     2  startup_tm4c123.o(.text)
    TIMER1A_Handler                          0x00000351   Thumb Code     2  startup_tm4c123.o(.text)
    TIMER1B_Handler                          0x00000353   Thumb Code     2  startup_tm4c123.o(.text)
    TIMER2A_Handler                          0x00000355   Thumb Code     2  startup_tm4c123.o(.text)
    TIMER2B_Handler                          0x00000357   Thumb Code     2  startup_tm4c123.o(.text)
    COMP0_Handler                            0x00000359   Thumb Code     2  startup_tm4c123.o(.text)
    COMP1_Handler                            0x0000035b   Thumb Code     2  startup_tm4c123.o(.text)
    COMP2_Handler                            0x0000035d   Thumb Code     2  startup_tm4c123.o(.text)
    SYSCTL_Handler                           0x0000035f   Thumb Code     2  startup_tm4c123.o(.text)
    FLASH_Handler                            0x00000361   Thumb Code     2  startup_tm4c123.o(.text)
    GPIOG_Handler                            0x00000365   Thumb Code     2  startup_tm4c123.o(.text)
    GPIOH_Handler                            0x00000367   Thumb Code     2  startup_tm4c123.o(.text)
    UART2_Handler                            0x00000369   Thumb Code     2  startup_tm4c123.o(.text)
    SSI1_Handler                             0x0000036b   Thumb Code     2  startup_tm4c123.o(.text)
    TIMER3A_Handler                          0x0000036d   Thumb Code     2  startup_tm4c123.o(.text)
    TIMER3B_Handler                          0x0000036f   Thumb Code     2  startup_tm4c123.o(.text)
    I2C1_Handler                             0x00000371   Thumb Code     2  startup_tm4c123.o(.text)
    QEI1_Handler                             0x00000373   Thumb Code     2  startup_tm4c123.o(.text)
    CAN0_Handler                             0x00000375   Thumb Code     2  startup_tm4c123.o(.text)
    CAN1_Handler                             0x00000377   Thumb Code     2  startup_tm4c123.o(.text)
    CAN2_Handler                             0x00000379   Thumb Code     2  startup_tm4c123.o(.text)
    HIB_Handler                              0x0000037b   Thumb Code     2  startup_tm4c123.o(.text)
    USB0_Handler                             0x0000037d   Thumb Code     2  startup_tm4c123.o(.text)
    PWM0_3_Handler                           0x0000037f   Thumb Code     2  startup_tm4c123.o(.text)
    UDMA_Handler                             0x00000381   Thumb Code     2  startup_tm4c123.o(.text)
    UDMAERR_Handler                          0x00000383   Thumb Code     2  startup_tm4c123.o(.text)
    ADC1SS0_Handler                          0x00000385   Thumb Code     2  startup_tm4c123.o(.text)
    ADC1SS1_Handler                          0x00000387   Thumb Code     2  startup_tm4c123.o(.text)
    ADC1SS2_Handler                          0x00000389   Thumb Code     2  startup_tm4c123.o(.text)
    ADC1SS3_Handler                          0x0000038b   Thumb Code     2  startup_tm4c123.o(.text)
    GPIOJ_Handler                            0x0000038d   Thumb Code     2  startup_tm4c123.o(.text)
    GPIOK_Handler                            0x0000038f   Thumb Code     2  startup_tm4c123.o(.text)
    GPIOL_Handler                            0x00000391   Thumb Code     2  startup_tm4c123.o(.text)
    SSI2_Handler                             0x00000393   Thumb Code     2  startup_tm4c123.o(.text)
    SSI3_Handler                             0x00000395   Thumb Code     2  startup_tm4c123.o(.text)
    UART3_Handler                            0x00000397   Thumb Code     2  startup_tm4c123.o(.text)
    UART4_Handler                            0x00000399   Thumb Code     2  startup_tm4c123.o(.text)
    UART5_Handler                            0x0000039b   Thumb Code     2  startup_tm4c123.o(.text)
    UART6_Handler                            0x0000039d   Thumb Code     2  startup_tm4c123.o(.text)
    UART7_Handler                            0x0000039f   Thumb Code     2  startup_tm4c123.o(.text)
    I2C2_Handler                             0x000003a1   Thumb Code     2  startup_tm4c123.o(.text)
    I2C3_Handler                             0x000003a3   Thumb Code     2  startup_tm4c123.o(.text)
    TIMER4A_Handler                          0x000003a5   Thumb Code     2  startup_tm4c123.o(.text)
    TIMER4B_Handler                          0x000003a7   Thumb Code     2  startup_tm4c123.o(.text)
    TIMER5A_Handler                          0x000003a9   Thumb Code     2  startup_tm4c123.o(.text)
    TIMER5B_Handler                          0x000003ab   Thumb Code     2  startup_tm4c123.o(.text)
    WTIMER0A_Handler                         0x000003ad   Thumb Code     2  startup_tm4c123.o(.text)
    WTIMER0B_Handler                         0x000003af   Thumb Code     2  startup_tm4c123.o(.text)
    WTIMER1A_Handler                         0x000003b1   Thumb Code     2  startup_tm4c123.o(.text)
    WTIMER1B_Handler                         0x000003b3   Thumb Code     2  startup_tm4c123.o(.text)
    WTIMER2A_Handler                         0x000003b5   Thumb Code     2  startup_tm4c123.o(.text)
    WTIMER2B_Handler                         0x000003b7   Thumb Code     2  startup_tm4c123.o(.text)
    WTIMER3A_Handler                         0x000003b9   Thumb Code     2  startup_tm4c123.o(.text)
    WTIMER3B_Handler                         0x000003bb   Thumb Code     2  startup_tm4c123.o(.text)
    WTIMER4A_Handler                         0x000003bd   Thumb Code     2  startup_tm4c123.o(.text)
    WTIMER4B_Handler                         0x000003bf   Thumb Code     2  startup_tm4c123.o(.text)
    WTIMER5A_Handler                         0x000003c1   Thumb Code     2  startup_tm4c123.o(.text)
    WTIMER5B_Handler                         0x000003c3   Thumb Code     2  startup_tm4c123.o(.text)
    FPU_Handler                              0x000003c5   Thumb Code     2  startup_tm4c123.o(.text)
    I2C4_Handler                             0x000003c7   Thumb Code     2  startup_tm4c123.o(.text)
    I2C5_Handler                             0x000003c9   Thumb Code     2  startup_tm4c123.o(.text)
    GPIOM_Handler                            0x000003cb   Thumb Code     2  startup_tm4c123.o(.text)
    GPION_Handler                            0x000003cd   Thumb Code     2  startup_tm4c123.o(.text)
    QEI2_Handler                             0x000003cf   Thumb Code     2  startup_tm4c123.o(.text)
    GPIOP0_Handler                           0x000003d1   Thumb Code     2  startup_tm4c123.o(.text)
    GPIOP1_Handler                           0x000003d3   Thumb Code     2  startup_tm4c123.o(.text)
    GPIOP2_Handler                           0x000003d5   Thumb Code     2  startup_tm4c123.o(.text)
    GPIOP3_Handler                           0x000003d7   Thumb Code     2  startup_tm4c123.o(.text)
    GPIOP4_Handler                           0x000003d9   Thumb Code     2  startup_tm4c123.o(.text)
    GPIOP5_Handler                           0x000003db   Thumb Code     2  startup_tm4c123.o(.text)
    GPIOP6_Handler                           0x000003dd   Thumb Code     2  startup_tm4c123.o(.text)
    GPIOP7_Handler                           0x000003df   Thumb Code     2  startup_tm4c123.o(.text)
    GPIOQ0_Handler                           0x000003e1   Thumb Code     2  startup_tm4c123.o(.text)
    GPIOQ1_Handler                           0x000003e3   Thumb Code     2  startup_tm4c123.o(.text)
    GPIOQ2_Handler                           0x000003e5   Thumb Code     2  startup_tm4c123.o(.text)
    GPIOQ3_Handler                           0x000003e7   Thumb Code     2  startup_tm4c123.o(.text)
    GPIOQ4_Handler                           0x000003e9   Thumb Code     2  startup_tm4c123.o(.text)
    GPIOQ5_Handler                           0x000003eb   Thumb Code     2  startup_tm4c123.o(.text)
    GPIOQ6_Handler                           0x000003ed   Thumb Code     2  startup_tm4c123.o(.text)
    GPIOQ7_Handler                           0x000003ef   Thumb Code     2  startup_tm4c123.o(.text)
    GPIOR_Handler                            0x000003f1   Thumb Code     2  startup_tm4c123.o(.text)
    GPIOS_Handler                            0x000003f3   Thumb Code     2  startup_tm4c123.o(.text)
    PMW1_0_Handler                           0x000003f5   Thumb Code     2  startup_tm4c123.o(.text)
    PWM1_1_Handler                           0x000003f7   Thumb Code     2  startup_tm4c123.o(.text)
    PWM1_2_Handler                           0x000003f9   Thumb Code     2  startup_tm4c123.o(.text)
    PWM1_3_Handler                           0x000003fb   Thumb Code     2  startup_tm4c123.o(.text)
    PWM1_FAULT_Handler                       0x000003fd   Thumb Code     2  startup_tm4c123.o(.text)
    __user_initial_stackheap                 0x00000401   Thumb Code     0  startup_tm4c123.o(.text)
    __aeabi_uldivmod                         0x00000421   Thumb Code     0  lludivv7m.o(.text)
    _ll_udiv                                 0x00000421   Thumb Code   240  lludivv7m.o(.text)
    __aeabi_memcpy                           0x00000511   Thumb Code     0  rt_memcpy_v6.o(.text)
    __rt_memcpy                              0x00000511   Thumb Code   138  rt_memcpy_v6.o(.text)
    _memcpy_lastbytes                        0x00000577   Thumb Code     0  rt_memcpy_v6.o(.text)
    __aeabi_memset4                          0x0000059b   Thumb Code    16  aeabi_memset4.o(.text)
    __aeabi_memset8                          0x0000059b   Thumb Code     0  aeabi_memset4.o(.text)
    __aeabi_memclr                           0x000005ab   Thumb Code     0  rt_memclr.o(.text)
    __rt_memclr                              0x000005ab   Thumb Code     0  rt_memclr.o(.text)
    _memset                                  0x000005af   Thumb Code    64  rt_memclr.o(.text)
    __aeabi_memclr4                          0x000005ef   Thumb Code     0  rt_memclr_w.o(.text)
    __aeabi_memclr8                          0x000005ef   Thumb Code     0  rt_memclr_w.o(.text)
    __rt_memclr_w                            0x000005ef   Thumb Code     0  rt_memclr_w.o(.text)
    _memset_w                                0x000005f3   Thumb Code    74  rt_memclr_w.o(.text)
    __use_two_region_memory                  0x0000063d   Thumb Code     2  heapauxi.o(.text)
    __rt_heap_escrow$2region                 0x0000063f   Thumb Code     2  heapauxi.o(.text)
    __rt_heap_expand$2region                 0x00000641   Thumb Code     2  heapauxi.o(.text)
    __aeabi_memcpy4                          0x00000643   Thumb Code     0  rt_memcpy_w.o(.text)
    __aeabi_memcpy8                          0x00000643   Thumb Code     0  rt_memcpy_w.o(.text)
    __rt_memcpy_w                            0x00000643   Thumb Code   100  rt_memcpy_w.o(.text)
    _memcpy_lastbytes_aligned                0x0000068b   Thumb Code     0  rt_memcpy_w.o(.text)
    __user_libspace                          0x000006a9   Thumb Code     8  libspace.o(.text)
    __user_perproc_libspace                  0x000006a9   Thumb Code     0  libspace.o(.text)
    __user_perthread_libspace                0x000006a9   Thumb Code     0  libspace.o(.text)
    __user_setup_stackheap                   0x000006b1   Thumb Code    74  sys_stackheap_outer.o(.text)
    exit                                     0x000006fb   Thumb Code    18  exit.o(.text)
    _sys_exit                                0x0000070d   Thumb Code     8  sys_exit.o(.text)
    __I$use$semihosting                      0x00000719   Thumb Code     0  use_no_semi.o(.text)
    __use_no_semihosting_swi                 0x00000719   Thumb Code     2  use_no_semi.o(.text)
    __semihosting_library_function           0x0000071b   Thumb Code     0  indicate_semi.o(.text)
    AutoSwitchTask                           0x0000071d   Thumb Code   246  main.o(.text.AutoSwitchTask)
    AutoSwitch_ReadInputState                0x00000815   Thumb Code   162  switch.o(.text.AutoSwitch_ReadInputState)
    DcMotorDriver_TurnOff                    0x000008b9   Thumb Code    46  dc_motor.o(.text.DcMotorDriver_TurnOff)
    DcMotorPassenger_TurnOff                 0x000008e9   Thumb Code    46  dc_motor.o(.text.DcMotorPassenger_TurnOff)
    DcMotor_Initialization                   0x00000919   Thumb Code    52  dc_motor.o(.text.DcMotor_Initialization)
    DcMotor_TurnOff                          0x0000094d   Thumb Code    74  dc_motor.o(.text.DcMotor_TurnOff)
    DcMotor_TurnOn_AnticlockWise             0x00000999   Thumb Code    62  dc_motor.o(.text.DcMotor_TurnOn_AnticlockWise)
    DcMotor_TurnOn_clockWise                 0x000009d9   Thumb Code    62  dc_motor.o(.text.DcMotor_TurnOn_clockWise)
    GPIOA_Handler                            0x00000a19   Thumb Code    32  gpio.o(.text.GPIOA_Handler)
    GPIOB_Handler                            0x00000a39   Thumb Code    32  gpio.o(.text.GPIOB_Handler)
    GPIOC_Handler                            0x00000a59   Thumb Code    32  gpio.o(.text.GPIOC_Handler)
    GPIOD_Handler                            0x00000a79   Thumb Code    32  gpio.o(.text.GPIOD_Handler)
    GPIOE_Handler                            0x00000a99   Thumb Code    32  gpio.o(.text.GPIOE_Handler)
    GPIOF_Handler                            0x00000ab9   Thumb Code    32  gpio.o(.text.GPIOF_Handler)
    GPIO_ConfigureAlternateFunctionSelect    0x00000ad9   Thumb Code   120  gpio.o(.text.GPIO_ConfigureAlternateFunctionSelect)
    GPIO_ConfigureCommit                     0x00000b51   Thumb Code   126  gpio.o(.text.GPIO_ConfigureCommit)
    GPIO_ConfigureDigitalEnable              0x00000bd1   Thumb Code   120  gpio.o(.text.GPIO_ConfigureDigitalEnable)
    GPIO_ConfigureInputPin                   0x00000c49   Thumb Code    82  gpio.o(.text.GPIO_ConfigureInputPin)
    GPIO_ConfigureInterruptMask              0x00000c9d   Thumb Code   120  gpio.o(.text.GPIO_ConfigureInterruptMask)
    GPIO_ConfigureInterruptSource            0x00000d15   Thumb Code   402  gpio.o(.text.GPIO_ConfigureInterruptSource)
    GPIO_ConfigureOutputPin                  0x00000ea9   Thumb Code    68  gpio.o(.text.GPIO_ConfigureOutputPin)
    GPIO_ConfigurePortControl                0x00000eed   Thumb Code    80  gpio.o(.text.GPIO_ConfigurePortControl)
    GPIO_EXTIClearInterrupt                  0x00000f3d   Thumb Code    52  gpio.o(.text.GPIO_EXTIClearInterrupt)
    GPIO_EnableAFSEL_GPTM                    0x00000f71   Thumb Code    68  gpio.o(.text.GPIO_EnableAFSEL_GPTM)
    GPIO_EnableAFSEL_UART                    0x00000fb5   Thumb Code    92  gpio.o(.text.GPIO_EnableAFSEL_UART)
    GPIO_ReadBitBandBits                     0x00001059   Thumb Code    42  gpio.o(.text.GPIO_ReadBitBandBits)
    GPIO_SetData                             0x00001085   Thumb Code   120  gpio.o(.text.GPIO_SetData)
    GPIO_SetInputStatus                      0x000010fd   Thumb Code    52  gpio.o(.text.GPIO_SetInputStatus)
    GPIO_SetPinStatus                        0x00001131   Thumb Code   120  gpio.o(.text.GPIO_SetPinStatus)
    GPIO_WriteBitBandBits                    0x000011a9   Thumb Code   120  gpio.o(.text.GPIO_WriteBitBandBits)
    GPTM_GenerateDelay                       0x0000132d   Thumb Code   190  gptm.o(.text.GPTM_GenerateDelay)
    GPTM_InitializeDelayMode                 0x000013ed   Thumb Code   138  gptm.o(.text.GPTM_InitializeDelayMode)
    HC05_Initialization                      0x00001479   Thumb Code    26  hc-05.o(.text.HC05_Initialization)
    HC05_WriteChar                           0x00001495   Thumb Code    18  hc-05.o(.text.HC05_WriteChar)
    HC05_WriteString                         0x000014a9   Thumb Code    32  hc-05.o(.text.HC05_WriteString)
    IRApplicationCallBackFunc                0x000014c9   Thumb Code   100  main.o(.text.IRApplicationCallBackFunc)
    InfraredSensorHandler                    0x0000152d   Thumb Code   490  main.o(.text.InfraredSensorHandler)
    InfraredSensor_DisableInterrupt          0x00001719   Thumb Code    10  infraredsensor.o(.text.InfraredSensor_DisableInterrupt)
    InfraredSensor_EnableInterrupt           0x00001725   Thumb Code    10  infraredsensor.o(.text.InfraredSensor_EnableInterrupt)
    InfraredSensor_ReadState                 0x00001731   Thumb Code   124  infraredsensor.o(.text.InfraredSensor_ReadState)
    InitializeInfraredSensorInputPin         0x000017ad   Thumb Code    34  infraredsensor.o(.text.InitializeInfraredSensorInputPin)
    LimitSwitch1ApplicationCallBack          0x000017d1   Thumb Code    66  main.o(.text.LimitSwitch1ApplicationCallBack)
    LimitSwitch1Handler                      0x00001815   Thumb Code   100  main.o(.text.LimitSwitch1Handler)
    LimitSwitch1_DisableInterrupt            0x00001879   Thumb Code    10  switch.o(.text.LimitSwitch1_DisableInterrupt)
    LimitSwitch1_EXTIClearInterrupt          0x00001885   Thumb Code    22  switch.o(.text.LimitSwitch1_EXTIClearInterrupt)
    LimitSwitch1_EnableInterrupt             0x0000189d   Thumb Code    10  switch.o(.text.LimitSwitch1_EnableInterrupt)
    LimitSwitch2ApplicationCallBack          0x000018a9   Thumb Code    66  main.o(.text.LimitSwitch2ApplicationCallBack)
    LimitSwitch2Handler                      0x000018ed   Thumb Code   100  main.o(.text.LimitSwitch2Handler)
    LimitSwitch2_DisableInterrupt            0x00001951   Thumb Code    10  switch.o(.text.LimitSwitch2_DisableInterrupt)
    LimitSwitch2_EXTIClearInterrupt          0x0000195d   Thumb Code    22  switch.o(.text.LimitSwitch2_EXTIClearInterrupt)
    LimitSwitch2_EnableInterrupt             0x00001975   Thumb Code    10  switch.o(.text.LimitSwitch2_EnableInterrupt)
    LimitSwitch_ReadInputState               0x00001981   Thumb Code   160  switch.o(.text.LimitSwitch_ReadInputState)
    ManualSwitchTask                         0x00001a21   Thumb Code   240  main.o(.text.ManualSwitchTask)
    ManuelSwitch_ReadInputState              0x00001b11   Thumb Code   160  switch.o(.text.ManuelSwitch_ReadInputState)
    NVIC_Clear_Interrupt                     0x00001bb1   Thumb Code    62  nvic.o(.text.NVIC_Clear_Interrupt)
    NVIC_Enable_Interrupt                    0x00001bf1   Thumb Code    62  nvic.o(.text.NVIC_Enable_Interrupt)
    ON_OFFSwitchTask                         0x00001c31   Thumb Code   322  main.o(.text.ON_OFFSwitchTask)
    ON_OFFSwitch_ReadInputState              0x00001d75   Thumb Code   124  switch.o(.text.ON_OFFSwitch_ReadInputState)
    OpenWindowAutomatically                  0x00001df1   Thumb Code   410  main.o(.text.OpenWindowAutomatically)
    OpenWindowManually                       0x00001f8d   Thumb Code   168  main.o(.text.OpenWindowManually)
    PendSV_Handler                           0x00002041   Thumb Code   100  port.o(.text.PendSV_Handler)
    RegisterCallbackFunction                 0x000020a5   Thumb Code    30  gpio.o(.text.RegisterCallbackFunction)
    SC_GetSystemClock                        0x00002121   Thumb Code   186  systemcontrol.o(.text.SC_GetSystemClock)
    SVC_Handler                              0x000021e1   Thumb Code    36  port.o(.text.SVC_Handler)
    Switch_Initialization                    0x00002205   Thumb Code   202  switch.o(.text.Switch_Initialization)
    SysTick_Handler                          0x000022d1   Thumb Code    60  port.o(.text.SysTick_Handler)
    SystemInit                               0x0000230d   Thumb Code    18  system_tm4c123.o(.text.SystemInit)
    UART_Initialization                      0x00002321   Thumb Code   234  uart.o(.text.UART_Initialization)
    UART_TransmitChar_Polling                0x0000240d   Thumb Code    96  uart.o(.text.UART_TransmitChar_Polling)
    eTaskConfirmSleepModeStatus              0x000024b1   Thumb Code   128  tasks.o(.text.eTaskConfirmSleepModeStatus)
    main                                     0x00002531   Thumb Code   730  main.o(.text.main)
    pvPortMalloc                             0x000036c9   Thumb Code   192  heap_1.o(.text.pvPortMalloc)
    pvTaskIncrementMutexHeldCount            0x00003789   Thumb Code    44  tasks.o(.text.pvTaskIncrementMutexHeldCount)
    pxPortInitialiseStack                    0x000037b5   Thumb Code    94  port.o(.text.pxPortInitialiseStack)
    uxListRemove                             0x00003815   Thumb Code    72  list.o(.text.uxListRemove)
    uxTaskGetNumberOfTasks                   0x0000385d   Thumb Code    12  tasks.o(.text.uxTaskGetNumberOfTasks)
    vListInitialise                          0x00003869   Thumb Code    46  list.o(.text.vListInitialise)
    vListInitialiseItem                      0x00003899   Thumb Code    14  list.o(.text.vListInitialiseItem)
    vListInsert                              0x000038a9   Thumb Code   106  list.o(.text.vListInsert)
    vPortEnterCritical                       0x00003929   Thumb Code    86  port.o(.text.vPortEnterCritical)
    vPortExitCritical                        0x00003981   Thumb Code    74  port.o(.text.vPortExitCritical)
    vPortFree                                0x000039cd   Thumb Code    36  heap_1.o(.text.vPortFree)
    vPortSetupTimerInterrupt                 0x000039f1   Thumb Code   120  port.o(.text.vPortSetupTimerInterrupt)
    vPortSuppressTicksAndSleep               0x00003a69   Thumb Code   544  port.o(.text.vPortSuppressTicksAndSleep)
    vPortValidateInterruptPriority           0x00003c89   Thumb Code   132  port.o(.text.vPortValidateInterruptPriority)
    vQueueWaitForMessageRestricted           0x00003d0d   Thumb Code   100  queue.o(.text.vQueueWaitForMessageRestricted)
    vTaskDelay                               0x00003d71   Thumb Code   110  tasks.o(.text.vTaskDelay)
    vTaskInternalSetTimeOutState             0x00003de1   Thumb Code    36  tasks.o(.text.vTaskInternalSetTimeOutState)
    vTaskMissedYield                         0x00003e05   Thumb Code    14  tasks.o(.text.vTaskMissedYield)
    vTaskPlaceOnEventList                    0x00003e15   Thumb Code    66  tasks.o(.text.vTaskPlaceOnEventList)
    vTaskPlaceOnEventListRestricted          0x00003e59   Thumb Code   124  tasks.o(.text.vTaskPlaceOnEventListRestricted)
    vTaskPriorityDisinheritAfterTimeout      0x00003ed5   Thumb Code   386  tasks.o(.text.vTaskPriorityDisinheritAfterTimeout)
    vTaskPrioritySet                         0x00004059   Thumb Code   484  tasks.o(.text.vTaskPrioritySet)
    vTaskStartScheduler                      0x0000423d   Thumb Code   178  tasks.o(.text.vTaskStartScheduler)
    vTaskStepTick                            0x000042f1   Thumb Code   204  tasks.o(.text.vTaskStepTick)
    vTaskSuspendAll                          0x000043bd   Thumb Code    16  tasks.o(.text.vTaskSuspendAll)
    vTaskSwitchContext                       0x000043cd   Thumb Code   190  tasks.o(.text.vTaskSwitchContext)
    xPortStartScheduler                      0x0000448d   Thumb Code   380  port.o(.text.xPortStartScheduler)
    xQueueCreateMutex                        0x00004609   Thumb Code    38  queue.o(.text.xQueueCreateMutex)
    xQueueGenericCreate                      0x00004631   Thumb Code   154  queue.o(.text.xQueueGenericCreate)
    xQueueGenericReset                       0x000046cd   Thumb Code   264  queue.o(.text.xQueueGenericReset)
    xQueueGenericSend                        0x000047d5   Thumb Code   628  queue.o(.text.xQueueGenericSend)
    xQueueGiveFromISR                        0x00004a49   Thumb Code   386  queue.o(.text.xQueueGiveFromISR)
    xQueueReceive                            0x00004bcd   Thumb Code   476  queue.o(.text.xQueueReceive)
    xQueueSemaphoreTake                      0x00004da9   Thumb Code   528  queue.o(.text.xQueueSemaphoreTake)
    xTaskCheckForTimeOut                     0x00004fb9   Thumb Code   252  tasks.o(.text.xTaskCheckForTimeOut)
    xTaskCreate                              0x000050b5   Thumb Code   160  tasks.o(.text.xTaskCreate)
    xTaskGetSchedulerState                   0x00005155   Thumb Code    56  tasks.o(.text.xTaskGetSchedulerState)
    xTaskGetTickCount                        0x0000518d   Thumb Code    20  tasks.o(.text.xTaskGetTickCount)
    xTaskIncrementTick                       0x000051a1   Thumb Code   608  tasks.o(.text.xTaskIncrementTick)
    xTaskPriorityDisinherit                  0x00005401   Thumb Code   312  tasks.o(.text.xTaskPriorityDisinherit)
    xTaskPriorityInherit                     0x00005539   Thumb Code   348  tasks.o(.text.xTaskPriorityInherit)
    xTaskRemoveFromEventList                 0x00005695   Thumb Code   402  tasks.o(.text.xTaskRemoveFromEventList)
    xTaskResumeAll                           0x00005829   Thumb Code   546  tasks.o(.text.xTaskResumeAll)
    xTimerCreateTimerTask                    0x00005a4d   Thumb Code   108  timers.o(.text.xTimerCreateTimerTask)
    _fp_init                                 0x00005ab9   Thumb Code    26  fpinit.o(x$fpl$fpinit)
    __fplib_config_fpu_vfp                   0x00005ad1   Thumb Code     0  fpinit.o(x$fpl$fpinit)
    __fplib_config_pureend_doubles           0x00005ad1   Thumb Code     0  fpinit.o(x$fpl$fpinit)
    GPIO_AFSELUARTConfig_ArrPtrStruct        0x00005ad4   Data          32  gpio_config.o(.rodata.GPIO_AFSELUARTConfig_ArrPtrStruct)
    GPIO_InterruptSource_ArrPtrStruct        0x00005bcc   Data          16  gpio_config.o(.rodata.GPIO_InterruptSource_ArrPtrStruct)
    GPIO_TimerAFSELConfig_ArrPtrStruct       0x00005c54   Data          48  gpio_config.o(.rodata.GPIO_TimerAFSELConfig_ArrPtrStruct)
    GPTM_Config_32BitTimer0A                 0x00005cb4   Data           4  gptm_config.o(.rodata.GPTM_Config_32BitTimer0A)
    GPTM_Config_32BitTimer0B                 0x00005cb8   Data           4  gptm_config.o(.rodata.GPTM_Config_32BitTimer0B)
    GPTM_Config_32BitTimer1A                 0x00005cbc   Data           4  gptm_config.o(.rodata.GPTM_Config_32BitTimer1A)
    GPTM_Config_32BitTimer1B                 0x00005cc0   Data           4  gptm_config.o(.rodata.GPTM_Config_32BitTimer1B)
    GPTM_Config_32BitTimer2A                 0x00005cc4   Data           4  gptm_config.o(.rodata.GPTM_Config_32BitTimer2A)
    GPTM_Config_32BitTimer2B                 0x00005cc8   Data           4  gptm_config.o(.rodata.GPTM_Config_32BitTimer2B)
    GPTM_Config_32BitTimer3A                 0x00005ccc   Data           4  gptm_config.o(.rodata.GPTM_Config_32BitTimer3A)
    GPTM_Config_32BitTimer3B                 0x00005cd0   Data           4  gptm_config.o(.rodata.GPTM_Config_32BitTimer3B)
    GPTM_Config_32BitTimer4A                 0x00005cd4   Data           4  gptm_config.o(.rodata.GPTM_Config_32BitTimer4A)
    GPTM_Config_32BitTimer4B                 0x00005cd8   Data           4  gptm_config.o(.rodata.GPTM_Config_32BitTimer4B)
    GPTM_Config_32BitTimer5A                 0x00005cdc   Data           4  gptm_config.o(.rodata.GPTM_Config_32BitTimer5A)
    GPTM_Config_32BitTimer5B                 0x00005ce0   Data           4  gptm_config.o(.rodata.GPTM_Config_32BitTimer5B)
    SC_SYSDIV                                0x00005e24   Data          15  systemcontrol.o(.rodata.SC_SYSDIV)
    Timer0A_32_64Bit                         0x00005e33   Data           3  gpio_config.o(.rodata.Timer0A_32_64Bit)
    Timer0B_32_64Bit                         0x00005e36   Data           3  gpio_config.o(.rodata.Timer0B_32_64Bit)
    Timer1A_32_64Bit                         0x00005e39   Data           3  gpio_config.o(.rodata.Timer1A_32_64Bit)
    Timer1B_32_64Bit                         0x00005e3c   Data           3  gpio_config.o(.rodata.Timer1B_32_64Bit)
    Timer2A_32_64Bit                         0x00005e3f   Data           3  gpio_config.o(.rodata.Timer2A_32_64Bit)
    Timer2B_32_64Bit                         0x00005e42   Data           3  gpio_config.o(.rodata.Timer2B_32_64Bit)
    Timer3A_32_64Bit                         0x00005e45   Data           3  gpio_config.o(.rodata.Timer3A_32_64Bit)
    Timer3B_32_64Bit                         0x00005e48   Data           3  gpio_config.o(.rodata.Timer3B_32_64Bit)
    Timer4A_32_64Bit                         0x00005e4b   Data           3  gpio_config.o(.rodata.Timer4A_32_64Bit)
    Timer4B_32_64Bit                         0x00005e4e   Data           3  gpio_config.o(.rodata.Timer4B_32_64Bit)
    Timer5A_32_64Bit                         0x00005e51   Data           3  gpio_config.o(.rodata.Timer5A_32_64Bit)
    Timer5B_32_64Bit                         0x00005e54   Data           3  gpio_config.o(.rodata.Timer5B_32_64Bit)
    UART0_AFSELConfig                        0x00005e57   Data           3  gpio_config.o(.rodata.UART0_AFSELConfig)
    UART1_AFSELConfig                        0x00005e5a   Data           3  gpio_config.o(.rodata.UART1_AFSELConfig)
    UART2_AFSELConfig                        0x00005e5d   Data           3  gpio_config.o(.rodata.UART2_AFSELConfig)
    UART3_AFSELConfig                        0x00005e60   Data           3  gpio_config.o(.rodata.UART3_AFSELConfig)
    UART4_AFSELConfig                        0x00005e63   Data           3  gpio_config.o(.rodata.UART4_AFSELConfig)
    UART5_AFSELConfig                        0x00005e66   Data           3  gpio_config.o(.rodata.UART5_AFSELConfig)
    UART6_AFSELConfig                        0x00005e69   Data           3  gpio_config.o(.rodata.UART6_AFSELConfig)
    UART7_AFSELConfig                        0x00005e6c   Data           3  gpio_config.o(.rodata.UART7_AFSELConfig)
    uxTopUsedPriority                        0x00006188   Data           4  tasks.o(.rodata.uxTopUsedPriority)
    Region$$Table$$Base                      0x0000618c   Number         0  anon$$obj.o(Region$$Table)
    Region$$Table$$Limit                     0x000061ac   Number         0  anon$$obj.o(Region$$Table)
    ConfigurePin_MotorPins                   0x20000008   Data          16  dc_motor.o(.data.ConfigurePin_MotorPins)
    DcMotorHbridgeIN1GPIO_Config             0x20000018   Data           2  dc_motor.o(.data.DcMotorHbridgeIN1GPIO_Config)
    DcMotorHbridgeIN2GPIO_Config             0x2000001a   Data           2  dc_motor.o(.data.DcMotorHbridgeIN2GPIO_Config)
    DcMotorHbridgeIN3GPIO_Config             0x2000001c   Data           2  dc_motor.o(.data.DcMotorHbridgeIN3GPIO_Config)
    DcMotorHbridgeIN4GPIO_Config             0x2000001e   Data           2  dc_motor.o(.data.DcMotorHbridgeIN4GPIO_Config)
    GPIO_BIT_BAND_Registers                  0x20000020   Data          24  gpio.o(.data.GPIO_BIT_BAND_Registers)
    GPIO_ConfigLimitSwitch                   0x20000048   Data           8  switch.o(.data.GPIO_ConfigLimitSwitch)
    GPTM_Config_ArrPtrStruct                 0x20000060   Data          48  gptm_config.o(.data.GPTM_Config_ArrPtrStruct)
    IRSensor_HC_05                           0x20000090   Data          30  main.o(.data.IRSensor_HC_05)
    InfraredSensorPin                        0x200000ae   Data           2  infraredsensor.o(.data.InfraredSensorPin)
    InterruptSourceFallingLevel              0x200000b0   Data           3  gpio_config.o(.data.InterruptSourceFallingLevel)
    InterruptSourceRisingEdge                0x200000b3   Data           3  gpio_config.o(.data.InterruptSourceRisingEdge)
    InterruptSourceRisingLevel               0x200000b6   Data           3  gpio_config.o(.data.InterruptSourceRisingLevel)
    SystemCoreClock                          0x200000c8   Data           4  system_tm4c123.o(.data.SystemCoreClock)
    UARTChannel1_Config                      0x200000cc   Data          12  uart_config.o(.data.UARTChannel1_Config)
    __libspace_start                         0x200000e0   Data          96  libspace.o(.bss)
    __temporary_stack_top$libspace           0x20000140   Data           0  libspace.o(.bss)
    AutoSwitchPressed_FlagArr                0x20000158   Data           4  switch.o(.bss.AutoSwitchPressed_FlagArr)
    InterruptSourceFallingEdge               0x20000184   Data           3  gpio_config.o(.bss.InterruptSourceFallingEdge)
    LimitSwitch_PressedFlagArr               0x20000187   Data           2  switch.o(.bss.LimitSwitch_PressedFlagArr)
    ManualSwitchPressed_FlagArr              0x20000189   Data           4  switch.o(.bss.ManualSwitchPressed_FlagArr)
    ON_OFFSwitchTaskHandle                   0x20000198   Data           4  main.o(.bss.ON_OFFSwitchTaskHandle)
    ON_OFFSwitch_PressedFlag                 0x2000019c   Data           1  switch.o(.bss.ON_OFFSwitch_PressedFlag)
    ObstacleDetected_Flag                    0x2000019d   Data           1  infraredsensor.o(.bss.ObstacleDetected_Flag)
    pxCurrentTCB                             0x200001a8   Data           4  tasks.o(.bss.pxCurrentTCB)



==============================================================================

Memory Map of the image

  Image Entry point : 0x0000030d

  Load Region LR_1 (Base: 0x00000000, Size: 0x00006288, Max: 0xffffffff, ABSOLUTE)

    Execution Region ER_RO (Exec base: 0x00000000, Load base: 0x00000000, Size: 0x000061ac, Max: 0xffffffff, ABSOLUTE)

    Exec Addr    Load Addr    Size         Type   Attr      Idx    E Section Name        Object

    0x00000000   0x00000000   0x0000026c   Data   RO          542    RESET               startup_tm4c123.o
    0x0000026c   0x0000026c   0x00000008   Code   RO         1073  * !!!main             c_w.l(__main.o)
    0x00000274   0x00000274   0x00000034   Code   RO         1449    !!!scatter          c_w.l(__scatter.o)
    0x000002a8   0x000002a8   0x0000001a   Code   RO         1451    !!handler_copy      c_w.l(__scatter_copy.o)
    0x000002c2   0x000002c2   0x00000002   PAD
    0x000002c4   0x000002c4   0x0000001c   Code   RO         1453    !!handler_zi        c_w.l(__scatter_zi.o)
    0x000002e0   0x000002e0   0x00000002   Code   RO         1301    .ARM.Collect$$libinit$$00000000  c_w.l(libinit.o)
    0x000002e2   0x000002e2   0x00000004   Code   RO         1321    .ARM.Collect$$libinit$$00000001  c_w.l(libinit2.o)
    0x000002e6   0x000002e6   0x00000000   Code   RO         1324    .ARM.Collect$$libinit$$00000004  c_w.l(libinit2.o)
    0x000002e6   0x000002e6   0x00000000   Code   RO         1326    .ARM.Collect$$libinit$$00000006  c_w.l(libinit2.o)
    0x000002e6   0x000002e6   0x00000000   Code   RO         1329    .ARM.Collect$$libinit$$0000000C  c_w.l(libinit2.o)
    0x000002e6   0x000002e6   0x00000000   Code   RO         1331    .ARM.Collect$$libinit$$0000000E  c_w.l(libinit2.o)
    0x000002e6   0x000002e6   0x00000000   Code   RO         1333    .ARM.Collect$$libinit$$00000010  c_w.l(libinit2.o)
    0x000002e6   0x000002e6   0x00000000   Code   RO         1336    .ARM.Collect$$libinit$$00000013  c_w.l(libinit2.o)
    0x000002e6   0x000002e6   0x00000000   Code   RO         1338    .ARM.Collect$$libinit$$00000015  c_w.l(libinit2.o)
    0x000002e6   0x000002e6   0x00000000   Code   RO         1340    .ARM.Collect$$libinit$$00000017  c_w.l(libinit2.o)
    0x000002e6   0x000002e6   0x00000000   Code   RO         1342    .ARM.Collect$$libinit$$00000019  c_w.l(libinit2.o)
    0x000002e6   0x000002e6   0x00000000   Code   RO         1344    .ARM.Collect$$libinit$$0000001B  c_w.l(libinit2.o)
    0x000002e6   0x000002e6   0x00000000   Code   RO         1346    .ARM.Collect$$libinit$$0000001D  c_w.l(libinit2.o)
    0x000002e6   0x000002e6   0x00000000   Code   RO         1348    .ARM.Collect$$libinit$$0000001F  c_w.l(libinit2.o)
    0x000002e6   0x000002e6   0x00000000   Code   RO         1350    .ARM.Collect$$libinit$$00000021  c_w.l(libinit2.o)
    0x000002e6   0x000002e6   0x00000000   Code   RO         1352    .ARM.Collect$$libinit$$00000023  c_w.l(libinit2.o)
    0x000002e6   0x000002e6   0x00000000   Code   RO         1354    .ARM.Collect$$libinit$$00000025  c_w.l(libinit2.o)
    0x000002e6   0x000002e6   0x00000000   Code   RO         1356    .ARM.Collect$$libinit$$00000027  c_w.l(libinit2.o)
    0x000002e6   0x000002e6   0x00000000   Code   RO         1360    .ARM.Collect$$libinit$$0000002E  c_w.l(libinit2.o)
    0x000002e6   0x000002e6   0x00000000   Code   RO         1362    .ARM.Collect$$libinit$$00000030  c_w.l(libinit2.o)
    0x000002e6   0x000002e6   0x00000000   Code   RO         1364    .ARM.Collect$$libinit$$00000032  c_w.l(libinit2.o)
    0x000002e6   0x000002e6   0x00000000   Code   RO         1366    .ARM.Collect$$libinit$$00000034  c_w.l(libinit2.o)
    0x000002e6   0x000002e6   0x00000002   Code   RO         1367    .ARM.Collect$$libinit$$00000035  c_w.l(libinit2.o)
    0x000002e8   0x000002e8   0x00000002   Code   RO         1404    .ARM.Collect$$libshutdown$$00000000  c_w.l(libshutdown.o)
    0x000002ea   0x000002ea   0x00000000   Code   RO         1432    .ARM.Collect$$libshutdown$$00000002  c_w.l(libshutdown2.o)
    0x000002ea   0x000002ea   0x00000000   Code   RO         1434    .ARM.Collect$$libshutdown$$00000004  c_w.l(libshutdown2.o)
    0x000002ea   0x000002ea   0x00000000   Code   RO         1437    .ARM.Collect$$libshutdown$$00000007  c_w.l(libshutdown2.o)
    0x000002ea   0x000002ea   0x00000000   Code   RO         1440    .ARM.Collect$$libshutdown$$0000000A  c_w.l(libshutdown2.o)
    0x000002ea   0x000002ea   0x00000000   Code   RO         1442    .ARM.Collect$$libshutdown$$0000000C  c_w.l(libshutdown2.o)
    0x000002ea   0x000002ea   0x00000000   Code   RO         1445    .ARM.Collect$$libshutdown$$0000000F  c_w.l(libshutdown2.o)
    0x000002ea   0x000002ea   0x00000002   Code   RO         1446    .ARM.Collect$$libshutdown$$00000010  c_w.l(libshutdown2.o)
    0x000002ec   0x000002ec   0x00000000   Code   RO         1091    .ARM.Collect$$rtentry$$00000000  c_w.l(__rtentry.o)
    0x000002ec   0x000002ec   0x00000000   Code   RO         1205    .ARM.Collect$$rtentry$$00000002  c_w.l(__rtentry2.o)
    0x000002ec   0x000002ec   0x00000006   Code   RO         1217    .ARM.Collect$$rtentry$$00000004  c_w.l(__rtentry4.o)
    0x000002f2   0x000002f2   0x00000000   Code   RO         1207    .ARM.Collect$$rtentry$$00000009  c_w.l(__rtentry2.o)
    0x000002f2   0x000002f2   0x00000004   Code   RO         1208    .ARM.Collect$$rtentry$$0000000A  c_w.l(__rtentry2.o)
    0x000002f6   0x000002f6   0x00000000   Code   RO         1210    .ARM.Collect$$rtentry$$0000000C  c_w.l(__rtentry2.o)
    0x000002f6   0x000002f6   0x00000008   Code   RO         1211    .ARM.Collect$$rtentry$$0000000D  c_w.l(__rtentry2.o)
    0x000002fe   0x000002fe   0x00000002   Code   RO         1306    .ARM.Collect$$rtexit$$00000000  c_w.l(rtexit.o)
    0x00000300   0x00000300   0x00000000   Code   RO         1373    .ARM.Collect$$rtexit$$00000002  c_w.l(rtexit2.o)
    0x00000300   0x00000300   0x00000004   Code   RO         1374    .ARM.Collect$$rtexit$$00000003  c_w.l(rtexit2.o)
    0x00000304   0x00000304   0x00000006   Code   RO         1375    .ARM.Collect$$rtexit$$00000004  c_w.l(rtexit2.o)
    0x0000030a   0x0000030a   0x00000002   PAD
    0x0000030c   0x0000030c   0x00000114   Code   RO          543  * .text               startup_tm4c123.o
    0x00000420   0x00000420   0x000000f0   Code   RO         1055    .text               c_w.l(lludivv7m.o)
    0x00000510   0x00000510   0x0000008a   Code   RO         1061    .text               c_w.l(rt_memcpy_v6.o)
    0x0000059a   0x0000059a   0x00000010   Code   RO         1065    .text               c_w.l(aeabi_memset4.o)
    0x000005aa   0x000005aa   0x00000044   Code   RO         1067    .text               c_w.l(rt_memclr.o)
    0x000005ee   0x000005ee   0x0000004e   Code   RO         1069    .text               c_w.l(rt_memclr_w.o)
    0x0000063c   0x0000063c   0x00000006   Code   RO         1071    .text               c_w.l(heapauxi.o)
    0x00000642   0x00000642   0x00000064   Code   RO         1189    .text               c_w.l(rt_memcpy_w.o)
    0x000006a6   0x000006a6   0x00000002   PAD
    0x000006a8   0x000006a8   0x00000008   Code   RO         1246    .text               c_w.l(libspace.o)
    0x000006b0   0x000006b0   0x0000004a   Code   RO         1249    .text               c_w.l(sys_stackheap_outer.o)
    0x000006fa   0x000006fa   0x00000012   Code   RO         1290    .text               c_w.l(exit.o)
    0x0000070c   0x0000070c   0x0000000c   Code   RO         1368    .text               c_w.l(sys_exit.o)
    0x00000718   0x00000718   0x00000002   Code   RO         1393    .text               c_w.l(use_no_semi.o)
    0x0000071a   0x0000071a   0x00000000   Code   RO         1395    .text               c_w.l(indicate_semi.o)
    0x0000071a   0x0000071a   0x00000002   PAD
    0x0000071c   0x0000071c   0x000000f6   Code   RO           14    .text.AutoSwitchTask  main.o
    0x00000812   0x00000812   0x00000002   PAD
    0x00000814   0x00000814   0x000000a2   Code   RO          472    .text.AutoSwitch_ReadInputState  switch.o
    0x000008b6   0x000008b6   0x00000002   PAD
    0x000008b8   0x000008b8   0x0000002e   Code   RO          525    .text.DcMotorDriver_TurnOff  dc_motor.o
    0x000008e6   0x000008e6   0x00000002   PAD
    0x000008e8   0x000008e8   0x0000002e   Code   RO          527    .text.DcMotorPassenger_TurnOff  dc_motor.o
    0x00000916   0x00000916   0x00000002   PAD
    0x00000918   0x00000918   0x00000034   Code   RO          523    .text.DcMotor_Initialization  dc_motor.o
    0x0000094c   0x0000094c   0x0000004a   Code   RO          521    .text.DcMotor_TurnOff  dc_motor.o
    0x00000996   0x00000996   0x00000002   PAD
    0x00000998   0x00000998   0x0000003e   Code   RO          519    .text.DcMotor_TurnOn_AnticlockWise  dc_motor.o
    0x000009d6   0x000009d6   0x00000002   PAD
    0x000009d8   0x000009d8   0x0000003e   Code   RO          517    .text.DcMotor_TurnOn_clockWise  dc_motor.o
    0x00000a16   0x00000a16   0x00000002   PAD
    0x00000a18   0x00000a18   0x00000020   Code   RO           52    .text.GPIOA_Handler  gpio.o
    0x00000a38   0x00000a38   0x00000020   Code   RO           54    .text.GPIOB_Handler  gpio.o
    0x00000a58   0x00000a58   0x00000020   Code   RO           56    .text.GPIOC_Handler  gpio.o
    0x00000a78   0x00000a78   0x00000020   Code   RO           58    .text.GPIOD_Handler  gpio.o
    0x00000a98   0x00000a98   0x00000020   Code   RO           60    .text.GPIOE_Handler  gpio.o
    0x00000ab8   0x00000ab8   0x00000020   Code   RO           62    .text.GPIOF_Handler  gpio.o
    0x00000ad8   0x00000ad8   0x00000078   Code   RO           70    .text.GPIO_ConfigureAlternateFunctionSelect  gpio.o
    0x00000b50   0x00000b50   0x0000007e   Code   RO           78    .text.GPIO_ConfigureCommit  gpio.o
    0x00000bce   0x00000bce   0x00000002   PAD
    0x00000bd0   0x00000bd0   0x00000078   Code   RO           76    .text.GPIO_ConfigureDigitalEnable  gpio.o
    0x00000c48   0x00000c48   0x00000052   Code   RO           86    .text.GPIO_ConfigureInputPin  gpio.o
    0x00000c9a   0x00000c9a   0x00000002   PAD
    0x00000c9c   0x00000c9c   0x00000078   Code   RO           96    .text.GPIO_ConfigureInterruptMask  gpio.o
    0x00000d14   0x00000d14   0x00000192   Code   RO          102    .text.GPIO_ConfigureInterruptSource  gpio.o
    0x00000ea6   0x00000ea6   0x00000002   PAD
    0x00000ea8   0x00000ea8   0x00000044   Code   RO           82    .text.GPIO_ConfigureOutputPin  gpio.o
    0x00000eec   0x00000eec   0x00000050   Code   RO           74    .text.GPIO_ConfigurePortControl  gpio.o
    0x00000f3c   0x00000f3c   0x00000034   Code   RO          100    .text.GPIO_EXTIClearInterrupt  gpio.o
    0x00000f70   0x00000f70   0x00000044   Code   RO           94    .text.GPIO_EnableAFSEL_GPTM  gpio.o
    0x00000fb4   0x00000fb4   0x0000005c   Code   RO           98    .text.GPIO_EnableAFSEL_UART  gpio.o
    0x00001010   0x00001010   0x00000046   Code   RO           84    .text.GPIO_EnableRunModeClockGateControl  gpio.o
    0x00001056   0x00001056   0x00000002   PAD
    0x00001058   0x00001058   0x0000002a   Code   RO           88    .text.GPIO_ReadBitBandBits  gpio.o
    0x00001082   0x00001082   0x00000002   PAD
    0x00001084   0x00001084   0x00000078   Code   RO           66    .text.GPIO_SetData  gpio.o
    0x000010fc   0x000010fc   0x00000034   Code   RO           80    .text.GPIO_SetInputStatus  gpio.o
    0x00001130   0x00001130   0x00000078   Code   RO           64    .text.GPIO_SetPinStatus  gpio.o
    0x000011a8   0x000011a8   0x00000078   Code   RO           90    .text.GPIO_WriteBitBandBits  gpio.o
    0x00001220   0x00001220   0x0000003e   Code   RO          171    .text.GPTM_DisableTimer  gptm.o
    0x0000125e   0x0000125e   0x00000002   PAD
    0x00001260   0x00001260   0x0000008a   Code   RO          169    .text.GPTM_EnableClkTimer  gptm.o
    0x000012ea   0x000012ea   0x00000002   PAD
    0x000012ec   0x000012ec   0x0000003e   Code   RO          175    .text.GPTM_EnableTimer  gptm.o
    0x0000132a   0x0000132a   0x00000002   PAD
    0x0000132c   0x0000132c   0x000000be   Code   RO          179    .text.GPTM_GenerateDelay  gptm.o
    0x000013ea   0x000013ea   0x00000002   PAD
    0x000013ec   0x000013ec   0x0000008a   Code   RO          177    .text.GPTM_InitializeDelayMode  gptm.o
    0x00001476   0x00001476   0x00000002   PAD
    0x00001478   0x00001478   0x0000001a   Code   RO          360    .text.HC05_Initialization  hc-05.o
    0x00001492   0x00001492   0x00000002   PAD
    0x00001494   0x00001494   0x00000012   Code   RO          364    .text.HC05_WriteChar  hc-05.o
    0x000014a6   0x000014a6   0x00000002   PAD
    0x000014a8   0x000014a8   0x00000020   Code   RO          366    .text.HC05_WriteString  hc-05.o
    0x000014c8   0x000014c8   0x00000064   Code   RO            2    .text.IRApplicationCallBackFunc  main.o
    0x0000152c   0x0000152c   0x000001ea   Code   RO           12    .text.InfraredSensorHandler  main.o
    0x00001716   0x00001716   0x00000002   PAD
    0x00001718   0x00001718   0x0000000a   Code   RO          382    .text.InfraredSensor_DisableInterrupt  infraredsensor.o
    0x00001722   0x00001722   0x00000002   PAD
    0x00001724   0x00001724   0x0000000a   Code   RO          384    .text.InfraredSensor_EnableInterrupt  infraredsensor.o
    0x0000172e   0x0000172e   0x00000002   PAD
    0x00001730   0x00001730   0x0000007c   Code   RO          386    .text.InfraredSensor_ReadState  infraredsensor.o
    0x000017ac   0x000017ac   0x00000022   Code   RO          380    .text.InitializeInfraredSensorInputPin  infraredsensor.o
    0x000017ce   0x000017ce   0x00000002   PAD
    0x000017d0   0x000017d0   0x00000042   Code   RO            4    .text.LimitSwitch1ApplicationCallBack  main.o
    0x00001812   0x00001812   0x00000002   PAD
    0x00001814   0x00001814   0x00000064   Code   RO           22    .text.LimitSwitch1Handler  main.o
    0x00001878   0x00001878   0x0000000a   Code   RO          480    .text.LimitSwitch1_DisableInterrupt  switch.o
    0x00001882   0x00001882   0x00000002   PAD
    0x00001884   0x00001884   0x00000016   Code   RO          488    .text.LimitSwitch1_EXTIClearInterrupt  switch.o
    0x0000189a   0x0000189a   0x00000002   PAD
    0x0000189c   0x0000189c   0x0000000a   Code   RO          484    .text.LimitSwitch1_EnableInterrupt  switch.o
    0x000018a6   0x000018a6   0x00000002   PAD
    0x000018a8   0x000018a8   0x00000042   Code   RO            6    .text.LimitSwitch2ApplicationCallBack  main.o
    0x000018ea   0x000018ea   0x00000002   PAD
    0x000018ec   0x000018ec   0x00000064   Code   RO           24    .text.LimitSwitch2Handler  main.o
    0x00001950   0x00001950   0x0000000a   Code   RO          482    .text.LimitSwitch2_DisableInterrupt  switch.o
    0x0000195a   0x0000195a   0x00000002   PAD
    0x0000195c   0x0000195c   0x00000016   Code   RO          490    .text.LimitSwitch2_EXTIClearInterrupt  switch.o
    0x00001972   0x00001972   0x00000002   PAD
    0x00001974   0x00001974   0x0000000a   Code   RO          486    .text.LimitSwitch2_EnableInterrupt  switch.o
    0x0000197e   0x0000197e   0x00000002   PAD
    0x00001980   0x00001980   0x000000a0   Code   RO          476    .text.LimitSwitch_ReadInputState  switch.o
    0x00001a20   0x00001a20   0x000000f0   Code   RO           16    .text.ManualSwitchTask  main.o
    0x00001b10   0x00001b10   0x000000a0   Code   RO          474    .text.ManuelSwitch_ReadInputState  switch.o
    0x00001bb0   0x00001bb0   0x0000003e   Code   RO          217    .text.NVIC_Clear_Interrupt  nvic.o
    0x00001bee   0x00001bee   0x00000002   PAD
    0x00001bf0   0x00001bf0   0x0000003e   Code   RO          215    .text.NVIC_Enable_Interrupt  nvic.o
    0x00001c2e   0x00001c2e   0x00000002   PAD
    0x00001c30   0x00001c30   0x00000142   Code   RO           26    .text.ON_OFFSwitchTask  main.o
    0x00001d72   0x00001d72   0x00000002   PAD
    0x00001d74   0x00001d74   0x0000007c   Code   RO          478    .text.ON_OFFSwitch_ReadInputState  switch.o
    0x00001df0   0x00001df0   0x0000019a   Code   RO           18    .text.OpenWindowAutomatically  main.o
    0x00001f8a   0x00001f8a   0x00000002   PAD
    0x00001f8c   0x00001f8c   0x000000a8   Code   RO           20    .text.OpenWindowManually  main.o
    0x00002034   0x00002034   0x0000000c   PAD
    0x00002040   0x00002040   0x00000064   Code   RO          638    .text.PendSV_Handler  port.o
    0x000020a4   0x000020a4   0x0000001e   Code   RO          104    .text.RegisterCallbackFunction  gpio.o
    0x000020c2   0x000020c2   0x00000002   PAD
    0x000020c4   0x000020c4   0x0000005a   Code   RO          243    .text.SC_GetOscillatorValue  systemcontrol.o
    0x0000211e   0x0000211e   0x00000002   PAD
    0x00002120   0x00002120   0x000000ba   Code   RO          241    .text.SC_GetSystemClock  systemcontrol.o
    0x000021da   0x000021da   0x00000006   PAD
    0x000021e0   0x000021e0   0x00000024   Code   RO          622    .text.SVC_Handler   port.o
    0x00002204   0x00002204   0x000000ca   Code   RO          470    .text.Switch_Initialization  switch.o
    0x000022ce   0x000022ce   0x00000002   PAD
    0x000022d0   0x000022d0   0x0000003c   Code   RO          640    .text.SysTick_Handler  port.o
    0x0000230c   0x0000230c   0x00000012   Code   RO          554    .text.SystemInit    system_tm4c123.o
    0x0000231e   0x0000231e   0x00000002   PAD
    0x00002320   0x00002320   0x000000ea   Code   RO          286    .text.UART_Initialization  uart.o
    0x0000240a   0x0000240a   0x00000002   PAD
    0x0000240c   0x0000240c   0x00000060   Code   RO          290    .text.UART_TransmitChar_Polling  uart.o
    0x0000246c   0x0000246c   0x00000042   Code   RO           10    .text.__NVIC_SetPriority  main.o
    0x000024ae   0x000024ae   0x00000002   PAD
    0x000024b0   0x000024b0   0x00000080   Code   RO          909    .text.eTaskConfirmSleepModeStatus  tasks.o
    0x00002530   0x00002530   0x000002da   Code   RO            8    .text.main          main.o
    0x0000280a   0x0000280a   0x00000002   PAD
    0x0000280c   0x0000280c   0x00000122   Code   RO          831    .text.prvAddCurrentTaskToDelayedList  tasks.o
    0x0000292e   0x0000292e   0x00000002   PAD
    0x00002930   0x00002930   0x00000154   Code   RO          819    .text.prvAddNewTaskToReadyList  tasks.o
    0x00002a84   0x00002a84   0x0000006a   Code   RO          985    .text.prvCheckForValidListAndQueue  timers.o
    0x00002aee   0x00002aee   0x00000002   PAD
    0x00002af0   0x00002af0   0x0000005a   Code   RO          949    .text.prvCheckTasksWaitingTermination  tasks.o
    0x00002b4a   0x00002b4a   0x00000002   PAD
    0x00002b4c   0x00002b4c   0x00000042   Code   RO          709    .text.prvCopyDataFromQueue  queue.o
    0x00002b8e   0x00002b8e   0x00000002   PAD
    0x00002b90   0x00002b90   0x000000cc   Code   RO          695    .text.prvCopyDataToQueue  queue.o
    0x00002c5c   0x00002c5c   0x00000018   Code   RO          825    .text.prvDeleteTCB  tasks.o
    0x00002c74   0x00002c74   0x00000026   Code   RO          715    .text.prvGetDisinheritPriorityAfterTimeout  queue.o
    0x00002c9a   0x00002c9a   0x00000002   PAD
    0x00002c9c   0x00002c9c   0x0000007c   Code   RO          951    .text.prvGetExpectedIdleTime  tasks.o
    0x00002d18   0x00002d18   0x00000040   Code   RO         1023    .text.prvGetNextExpireTime  timers.o
    0x00002d58   0x00002d58   0x0000009a   Code   RO          857    .text.prvIdleTask   tasks.o
    0x00002df2   0x00002df2   0x00000002   PAD
    0x00002df4   0x00002df4   0x0000002c   Code   RO          685    .text.prvInitialiseMutex  queue.o
    0x00002e20   0x00002e20   0x0000004e   Code   RO          681    .text.prvInitialiseNewQueue  queue.o
    0x00002e6e   0x00002e6e   0x00000002   PAD
    0x00002e70   0x00002e70   0x00000124   Code   RO          817    .text.prvInitialiseNewTask  tasks.o
    0x00002f94   0x00002f94   0x0000008e   Code   RO          947    .text.prvInitialiseTaskLists  tasks.o
    0x00003022   0x00003022   0x00000002   PAD
    0x00003024   0x00003024   0x00000086   Code   RO         1037    .text.prvInsertTimerInActiveList  timers.o
    0x000030aa   0x000030aa   0x00000002   PAD
    0x000030ac   0x000030ac   0x00000028   Code   RO          711    .text.prvIsQueueEmpty  queue.o
    0x000030d4   0x000030d4   0x0000002e   Code   RO          699    .text.prvIsQueueFull  queue.o
    0x00003102   0x00003102   0x00000002   PAD
    0x00003104   0x00003104   0x000000ec   Code   RO          697    .text.prvNotifyQueueSetContainer  queue.o
    0x000031f0   0x000031f0   0x00000028   Code   RO          630    .text.prvPortStartFirstTask  port.o
    0x00003218   0x00003218   0x00000054   Code   RO         1031    .text.prvProcessExpiredTimer  timers.o
    0x0000326c   0x0000326c   0x00000180   Code   RO         1027    .text.prvProcessReceivedCommands  timers.o
    0x000033ec   0x000033ec   0x0000009a   Code   RO         1025    .text.prvProcessTimerOrBlockTask  timers.o
    0x00003486   0x00003486   0x00000002   PAD
    0x00003488   0x00003488   0x00000034   Code   RO         1035    .text.prvReloadTimer  timers.o
    0x000034bc   0x000034bc   0x0000003c   Code   RO          823    .text.prvResetNextTaskUnblockTime  tasks.o
    0x000034f8   0x000034f8   0x00000044   Code   RO         1029    .text.prvSampleTimeNow  timers.o
    0x0000353c   0x0000353c   0x00000052   Code   RO         1033    .text.prvSwitchTimerLists  timers.o
    0x0000358e   0x0000358e   0x00000002   PAD
    0x00003590   0x00003590   0x0000004c   Code   RO          620    .text.prvTaskExitError  port.o
    0x000035dc   0x000035dc   0x0000001e   Code   RO          987    .text.prvTimerTask  timers.o
    0x000035fa   0x000035fa   0x00000002   PAD
    0x000035fc   0x000035fc   0x000000cc   Code   RO          701    .text.prvUnlockQueue  queue.o
    0x000036c8   0x000036c8   0x000000c0   Code   RO          659    .text.pvPortMalloc  heap_1.o
    0x00003788   0x00003788   0x0000002c   Code   RO          931    .text.pvTaskIncrementMutexHeldCount  tasks.o
    0x000037b4   0x000037b4   0x0000005e   Code   RO          618    .text.pxPortInitialiseStack  port.o
    0x00003812   0x00003812   0x00000002   PAD
    0x00003814   0x00003814   0x00000048   Code   RO          609    .text.uxListRemove  list.o
    0x0000385c   0x0000385c   0x0000000c   Code   RO          867    .text.uxTaskGetNumberOfTasks  tasks.o
    0x00003868   0x00003868   0x0000002e   Code   RO          601    .text.vListInitialise  list.o
    0x00003896   0x00003896   0x00000002   PAD
    0x00003898   0x00003898   0x0000000e   Code   RO          603    .text.vListInitialiseItem  list.o
    0x000038a6   0x000038a6   0x00000002   PAD
    0x000038a8   0x000038a8   0x0000006a   Code   RO          607    .text.vListInsert   list.o
    0x00003912   0x00003912   0x00000002   PAD
    0x00003914   0x00003914   0x00000014   Code   RO          628    .text.vPortEnableVFP  port.o
    0x00003928   0x00003928   0x00000056   Code   RO          634    .text.vPortEnterCritical  port.o
    0x0000397e   0x0000397e   0x00000002   PAD
    0x00003980   0x00003980   0x0000004a   Code   RO          636    .text.vPortExitCritical  port.o
    0x000039ca   0x000039ca   0x00000002   PAD
    0x000039cc   0x000039cc   0x00000024   Code   RO          661    .text.vPortFree     heap_1.o
    0x000039f0   0x000039f0   0x00000078   Code   RO          626    .text.vPortSetupTimerInterrupt  port.o
    0x00003a68   0x00003a68   0x00000220   Code   RO          642    .text.vPortSuppressTicksAndSleep  port.o
    0x00003c88   0x00003c88   0x00000084   Code   RO          644    .text.vPortValidateInterruptPriority  port.o
    0x00003d0c   0x00003d0c   0x00000064   Code   RO          741    .text.vQueueWaitForMessageRestricted  queue.o
    0x00003d70   0x00003d70   0x0000006e   Code   RO          835    .text.vTaskDelay    tasks.o
    0x00003dde   0x00003dde   0x00000002   PAD
    0x00003de0   0x00003de0   0x00000024   Code   RO          899    .text.vTaskInternalSetTimeOutState  tasks.o
    0x00003e04   0x00003e04   0x0000000e   Code   RO          903    .text.vTaskMissedYield  tasks.o
    0x00003e12   0x00003e12   0x00000002   PAD
    0x00003e14   0x00003e14   0x00000042   Code   RO          887    .text.vTaskPlaceOnEventList  tasks.o
    0x00003e56   0x00003e56   0x00000002   PAD
    0x00003e58   0x00003e58   0x0000007c   Code   RO          891    .text.vTaskPlaceOnEventListRestricted  tasks.o
    0x00003ed4   0x00003ed4   0x00000182   Code   RO          927    .text.vTaskPriorityDisinheritAfterTimeout  tasks.o
    0x00004056   0x00004056   0x00000002   PAD
    0x00004058   0x00004058   0x000001e4   Code   RO          843    .text.vTaskPrioritySet  tasks.o
    0x0000423c   0x0000423c   0x000000b2   Code   RO          855    .text.vTaskStartScheduler  tasks.o
    0x000042ee   0x000042ee   0x00000002   PAD
    0x000042f0   0x000042f0   0x000000cc   Code   RO          881    .text.vTaskStepTick  tasks.o
    0x000043bc   0x000043bc   0x00000010   Code   RO          829    .text.vTaskSuspendAll  tasks.o
    0x000043cc   0x000043cc   0x000000be   Code   RO          847    .text.vTaskSwitchContext  tasks.o
    0x0000448a   0x0000448a   0x00000002   PAD
    0x0000448c   0x0000448c   0x0000017c   Code   RO          624    .text.xPortStartScheduler  port.o
    0x00004608   0x00004608   0x00000026   Code   RO          683    .text.xQueueCreateMutex  queue.o
    0x0000462e   0x0000462e   0x00000002   PAD
    0x00004630   0x00004630   0x0000009a   Code   RO          679    .text.xQueueGenericCreate  queue.o
    0x000046ca   0x000046ca   0x00000002   PAD
    0x000046cc   0x000046cc   0x00000108   Code   RO          677    .text.xQueueGenericReset  queue.o
    0x000047d4   0x000047d4   0x00000274   Code   RO          693    .text.xQueueGenericSend  queue.o
    0x00004a48   0x00004a48   0x00000182   Code   RO          705    .text.xQueueGiveFromISR  queue.o
    0x00004bca   0x00004bca   0x00000002   PAD
    0x00004bcc   0x00004bcc   0x000001dc   Code   RO          707    .text.xQueueReceive  queue.o
    0x00004da8   0x00004da8   0x00000210   Code   RO          713    .text.xQueueSemaphoreTake  queue.o
    0x00004fb8   0x00004fb8   0x000000fc   Code   RO          901    .text.xTaskCheckForTimeOut  tasks.o
    0x000050b4   0x000050b4   0x000000a0   Code   RO          815    .text.xTaskCreate   tasks.o
    0x00005154   0x00005154   0x00000038   Code   RO          921    .text.xTaskGetSchedulerState  tasks.o
    0x0000518c   0x0000518c   0x00000014   Code   RO          863    .text.xTaskGetTickCount  tasks.o
    0x000051a0   0x000051a0   0x00000260   Code   RO          861    .text.xTaskIncrementTick  tasks.o
    0x00005400   0x00005400   0x00000138   Code   RO          925    .text.xTaskPriorityDisinherit  tasks.o
    0x00005538   0x00005538   0x0000015c   Code   RO          923    .text.xTaskPriorityInherit  tasks.o
    0x00005694   0x00005694   0x00000192   Code   RO          893    .text.xTaskRemoveFromEventList  tasks.o
    0x00005826   0x00005826   0x00000002   PAD
    0x00005828   0x00005828   0x00000222   Code   RO          833    .text.xTaskResumeAll  tasks.o
    0x00005a4a   0x00005a4a   0x00000002   PAD
    0x00005a4c   0x00005a4c   0x0000006c   Code   RO          983    .text.xTimerCreateTimerTask  timers.o
    0x00005ab8   0x00005ab8   0x0000001a   Code   RO         1387    x$fpl$fpinit        fz_wm.l(fpinit.o)
    0x00005ad2   0x00005ad2   0x00000002   PAD
    0x00005ad4   0x00005ad4   0x00000020   Data   RO          160    .rodata.GPIO_AFSELUARTConfig_ArrPtrStruct  gpio_config.o
    0x00005af4   0x00005af4   0x00000018   Data   RO          110    .rodata.GPIO_AlternateFunctionSelect_Registers  gpio.o
    0x00005b0c   0x00005b0c   0x00000018   Data   RO          109    .rodata.GPIO_Data_Registers  gpio.o
    0x00005b24   0x00005b24   0x00000018   Data   RO          113    .rodata.GPIO_DigitalEnable_Registers  gpio.o
    0x00005b3c   0x00005b3c   0x00000018   Data   RO          108    .rodata.GPIO_Direction_Registers  gpio.o
    0x00005b54   0x00005b54   0x00000018   Data   RO          120    .rodata.GPIO_InterruptBothEdges_Registers  gpio.o
    0x00005b6c   0x00005b6c   0x00000018   Data   RO          117    .rodata.GPIO_InterruptClear_Registers  gpio.o
    0x00005b84   0x00005b84   0x00000018   Data   RO          121    .rodata.GPIO_InterruptEvent_Registers  gpio.o
    0x00005b9c   0x00005b9c   0x00000018   Data   RO          118    .rodata.GPIO_InterruptMask_Registers  gpio.o
    0x00005bb4   0x00005bb4   0x00000018   Data   RO          119    .rodata.GPIO_InterruptSense_Registers  gpio.o
    0x00005bcc   0x00005bcc   0x00000010   Data   RO          161    .rodata.GPIO_InterruptSource_ArrPtrStruct  gpio_config.o
    0x00005bdc   0x00005bdc   0x00000018   Data   RO          114    .rodata.GPIO_LOCK_Registers  gpio.o
    0x00005bf4   0x00005bf4   0x00000018   Data   RO          122    .rodata.GPIO_NVICInterruptNum  gpio.o
    0x00005c0c   0x00005c0c   0x00000018   Data   RO          112    .rodata.GPIO_PortControl_Registers  gpio.o
    0x00005c24   0x00005c24   0x00000018   Data   RO          115    .rodata.GPIO_Port_Commit  gpio.o
    0x00005c3c   0x00005c3c   0x00000018   Data   RO          116    .rodata.GPIO_PullUp_Registers  gpio.o
    0x00005c54   0x00005c54   0x00000030   Data   RO          159    .rodata.GPIO_TimerAFSELConfig_ArrPtrStruct  gpio_config.o
    0x00005c84   0x00005c84   0x00000018   Data   RO          184    .rodata.GPTM_32_64_BitTimerA_IntervalLoad  gptm.o
    0x00005c9c   0x00005c9c   0x00000018   Data   RO          185    .rodata.GPTM_32_64_BitTimerA_Match  gptm.o
    0x00005cb4   0x00005cb4   0x00000004   Data   RO          197    .rodata.GPTM_Config_32BitTimer0A  gptm_config.o
    0x00005cb8   0x00005cb8   0x00000004   Data   RO          198    .rodata.GPTM_Config_32BitTimer0B  gptm_config.o
    0x00005cbc   0x00005cbc   0x00000004   Data   RO          199    .rodata.GPTM_Config_32BitTimer1A  gptm_config.o
    0x00005cc0   0x00005cc0   0x00000004   Data   RO          200    .rodata.GPTM_Config_32BitTimer1B  gptm_config.o
    0x00005cc4   0x00005cc4   0x00000004   Data   RO          201    .rodata.GPTM_Config_32BitTimer2A  gptm_config.o
    0x00005cc8   0x00005cc8   0x00000004   Data   RO          202    .rodata.GPTM_Config_32BitTimer2B  gptm_config.o
    0x00005ccc   0x00005ccc   0x00000004   Data   RO          203    .rodata.GPTM_Config_32BitTimer3A  gptm_config.o
    0x00005cd0   0x00005cd0   0x00000004   Data   RO          204    .rodata.GPTM_Config_32BitTimer3B  gptm_config.o
    0x00005cd4   0x00005cd4   0x00000004   Data   RO          205    .rodata.GPTM_Config_32BitTimer4A  gptm_config.o
    0x00005cd8   0x00005cd8   0x00000004   Data   RO          206    .rodata.GPTM_Config_32BitTimer4B  gptm_config.o
    0x00005cdc   0x00005cdc   0x00000004   Data   RO          207    .rodata.GPTM_Config_32BitTimer5A  gptm_config.o
    0x00005ce0   0x00005ce0   0x00000004   Data   RO          208    .rodata.GPTM_Config_32BitTimer5B  gptm_config.o
    0x00005ce4   0x00005ce4   0x00000030   Data   RO          181    .rodata.GPTM_ConfigurationRegisters  gptm.o
    0x00005d14   0x00005d14   0x00000030   Data   RO          183    .rodata.GPTM_Control  gptm.o
    0x00005d44   0x00005d44   0x00000030   Data   RO          189    .rodata.GPTM_ICRRegisters  gptm.o
    0x00005d74   0x00005d74   0x00000030   Data   RO          188    .rodata.GPTM_RISRegisters  gptm.o
    0x00005da4   0x00005da4   0x00000060   Data   RO          182    .rodata.GPTM_TimerMode  gptm.o
    0x00005e04   0x00005e04   0x00000010   Data   RO          228    .rodata.Interrupt_Clear_Registers  nvic.o
    0x00005e14   0x00005e14   0x00000010   Data   RO          227    .rodata.Interrupt_Enable_Registers  nvic.o
    0x00005e24   0x00005e24   0x0000000f   Data   RO          253    .rodata.SC_SYSDIV   systemcontrol.o
    0x00005e33   0x00005e33   0x00000003   Data   RO          130    .rodata.Timer0A_32_64Bit  gpio_config.o
    0x00005e36   0x00005e36   0x00000003   Data   RO          131    .rodata.Timer0B_32_64Bit  gpio_config.o
    0x00005e39   0x00005e39   0x00000003   Data   RO          132    .rodata.Timer1A_32_64Bit  gpio_config.o
    0x00005e3c   0x00005e3c   0x00000003   Data   RO          133    .rodata.Timer1B_32_64Bit  gpio_config.o
    0x00005e3f   0x00005e3f   0x00000003   Data   RO          134    .rodata.Timer2A_32_64Bit  gpio_config.o
    0x00005e42   0x00005e42   0x00000003   Data   RO          135    .rodata.Timer2B_32_64Bit  gpio_config.o
    0x00005e45   0x00005e45   0x00000003   Data   RO          136    .rodata.Timer3A_32_64Bit  gpio_config.o
    0x00005e48   0x00005e48   0x00000003   Data   RO          137    .rodata.Timer3B_32_64Bit  gpio_config.o
    0x00005e4b   0x00005e4b   0x00000003   Data   RO          138    .rodata.Timer4A_32_64Bit  gpio_config.o
    0x00005e4e   0x00005e4e   0x00000003   Data   RO          139    .rodata.Timer4B_32_64Bit  gpio_config.o
    0x00005e51   0x00005e51   0x00000003   Data   RO          140    .rodata.Timer5A_32_64Bit  gpio_config.o
    0x00005e54   0x00005e54   0x00000003   Data   RO          141    .rodata.Timer5B_32_64Bit  gpio_config.o
    0x00005e57   0x00005e57   0x00000003   Data   RO          142    .rodata.UART0_AFSELConfig  gpio_config.o
    0x00005e5a   0x00005e5a   0x00000003   Data   RO          143    .rodata.UART1_AFSELConfig  gpio_config.o
    0x00005e5d   0x00005e5d   0x00000003   Data   RO          144    .rodata.UART2_AFSELConfig  gpio_config.o
    0x00005e60   0x00005e60   0x00000003   Data   RO          145    .rodata.UART3_AFSELConfig  gpio_config.o
    0x00005e63   0x00005e63   0x00000003   Data   RO          146    .rodata.UART4_AFSELConfig  gpio_config.o
    0x00005e66   0x00005e66   0x00000003   Data   RO          147    .rodata.UART5_AFSELConfig  gpio_config.o
    0x00005e69   0x00005e69   0x00000003   Data   RO          148    .rodata.UART6_AFSELConfig  gpio_config.o
    0x00005e6c   0x00005e6c   0x00000003   Data   RO          149    .rodata.UART7_AFSELConfig  gpio_config.o
    0x00005e6f   0x00005e6f   0x00000001   PAD
    0x00005e70   0x00005e70   0x00000020   Data   RO          330    .rodata.UART_ClockConfigurationRegisters  uart.o
    0x00005e90   0x00005e90   0x00000020   Data   RO          326    .rodata.UART_ControlRegisters  uart.o
    0x00005eb0   0x00005eb0   0x00000020   Data   RO          333    .rodata.UART_DataRegisters  uart.o
    0x00005ed0   0x00005ed0   0x00000020   Data   RO          332    .rodata.UART_FlagRegisters  uart.o
    0x00005ef0   0x00005ef0   0x00000020   Data   RO          328    .rodata.UART_FractionalBaudRateDivisorRegisters  uart.o
    0x00005f10   0x00005f10   0x00000020   Data   RO          327    .rodata.UART_IntegerBaudRateDivisorRegisters  uart.o
    0x00005f30   0x00005f30   0x00000020   Data   RO          329    .rodata.UART_LineControlRegisters  uart.o
    0x00005f50   0x00005f50   0x0000022a   Data   RO           41    .rodata.str1.1      main.o
    0x0000617a   0x0000617a   0x00000005   Data   RO          969    .rodata.str1.1      tasks.o
    0x0000617f   0x0000617f   0x00000008   Data   RO         1040    .rodata.str1.1      timers.o
    0x00006187   0x00006187   0x00000001   PAD
    0x00006188   0x00006188   0x00000004   Data   RO          954    .rodata.uxTopUsedPriority  tasks.o
    0x0000618c   0x0000618c   0x00000020   Data   RO         1448    Region$$Table       anon$$obj.o


    Execution Region ER_RW (Exec base: 0x20000000, Load base: 0x000061ac, Size: 0x000000dc, Max: 0xffffffff, ABSOLUTE)

    Exec Addr    Load Addr    Size         Type   Attr      Idx    E Section Name        Object

    0x20000000   0x000061ac   0x00000002   Data   RW          499    .data.AutoSwitch1   switch.o
    0x20000002   0x000061ae   0x00000002   Data   RW          500    .data.AutoSwitch2   switch.o
    0x20000004   0x000061b0   0x00000002   Data   RW          501    .data.AutoSwitch3   switch.o
    0x20000006   0x000061b2   0x00000002   Data   RW          502    .data.AutoSwitch4   switch.o
    0x20000008   0x000061b4   0x00000010   Data   RW          533    .data.ConfigurePin_MotorPins  dc_motor.o
    0x20000018   0x000061c4   0x00000002   Data   RW          529    .data.DcMotorHbridgeIN1GPIO_Config  dc_motor.o
    0x2000001a   0x000061c6   0x00000002   Data   RW          530    .data.DcMotorHbridgeIN2GPIO_Config  dc_motor.o
    0x2000001c   0x000061c8   0x00000002   Data   RW          531    .data.DcMotorHbridgeIN3GPIO_Config  dc_motor.o
    0x2000001e   0x000061ca   0x00000002   Data   RW          532    .data.DcMotorHbridgeIN4GPIO_Config  dc_motor.o
    0x20000020   0x000061cc   0x00000018   Data   RW          107    .data.GPIO_BIT_BAND_Registers  gpio.o
    0x20000038   0x000061e4   0x00000010   Data   RW          508    .data.GPIO_ConfigAutoSwitch  switch.o
    0x20000048   0x000061f4   0x00000008   Data   RW          494    .data.GPIO_ConfigLimitSwitch  switch.o
    0x20000050   0x000061fc   0x00000010   Data   RW          509    .data.GPIO_ConfigManuelSwitch  switch.o
    0x20000060   0x0000620c   0x00000030   Data   RW          209    .data.GPTM_Config_ArrPtrStruct  gptm_config.o
    0x20000090   0x0000623c   0x0000001e   Data   RW           28    .data.IRSensor_HC_05  main.o
    0x200000ae   0x0000625a   0x00000002   Data   RW          389    .data.InfraredSensorPin  infraredsensor.o
    0x200000b0   0x0000625c   0x00000003   Data   RW          158    .data.InterruptSourceFallingLevel  gpio_config.o
    0x200000b3   0x0000625f   0x00000003   Data   RW          155    .data.InterruptSourceRisingEdge  gpio_config.o
    0x200000b6   0x00006262   0x00000003   Data   RW          157    .data.InterruptSourceRisingLevel  gpio_config.o
    0x200000b9   0x00006265   0x00000002   Data   RW          492    .data.Limit1Switch  switch.o
    0x200000bb   0x00006267   0x00000002   Data   RW          493    .data.Limit2Switch  switch.o
    0x200000bd   0x00006269   0x00000002   Data   RW          503    .data.Manual1Switch  switch.o
    0x200000bf   0x0000626b   0x00000002   Data   RW          504    .data.Manual2Switch  switch.o
    0x200000c1   0x0000626d   0x00000002   Data   RW          505    .data.Manual3Switch  switch.o
    0x200000c3   0x0000626f   0x00000002   Data   RW          506    .data.Manual4Switch  switch.o
    0x200000c5   0x00006271   0x00000002   Data   RW          507    .data.ON_OFF_Switch  switch.o
    0x200000c7   0x00006273   0x00000001   PAD
    0x200000c8   0x00006274   0x00000004   Data   RW          556    .data.SystemCoreClock  system_tm4c123.o
    0x200000cc   0x00006278   0x0000000c   Data   RW          341    .data.UARTChannel1_Config  uart_config.o
    0x200000d8   0x00006284   0x00000004   Data   RW          648    .data.uxCriticalNesting  port.o


    Execution Region ER_ZI (Exec base: 0x200000e0, Load base: 0x00006288, Size: 0x00003440, Max: 0xffffffff, ABSOLUTE)

    Exec Addr    Load Addr    Size         Type   Attr      Idx    E Section Name        Object

    0x200000e0        -       0x00000060   Zero   RW         1247    .bss                c_w.l(libspace.o)
    0x20000140        -       0x00000001   Zero   RW           30    .bss.AutoSwitch1Jam_Flag  main.o
    0x20000141   0x00006288   0x00000003   PAD
    0x20000144        -       0x00000004   Zero   RW           37    .bss.AutoSwitch1Queue  main.o
    0x20000148        -       0x00000001   Zero   RW           31    .bss.AutoSwitch2Jam_Flag  main.o
    0x20000149   0x00006288   0x00000003   PAD
    0x2000014c        -       0x00000004   Zero   RW           38    .bss.AutoSwitch2Queue  main.o
    0x20000150        -       0x00000004   Zero   RW           39    .bss.AutoSwitch3Queue  main.o
    0x20000154        -       0x00000004   Zero   RW           40    .bss.AutoSwitch4Queue  main.o
    0x20000158        -       0x00000004   Zero   RW          495    .bss.AutoSwitchPressed_FlagArr  switch.o
    0x2000015c        -       0x00000004   Zero   RW           43    .bss.AutoSwitchQueue_CounterVar  main.o
    0x20000160        -       0x00000004   Zero   RW           32    .bss.BinarySemaphoreLimitSwitch1  main.o
    0x20000164        -       0x00000004   Zero   RW           33    .bss.BinarySemaphoreLimitSwitch2  main.o
    0x20000168        -       0x00000004   Zero   RW           34    .bss.BinarySemaphoreManualSwitch1  main.o
    0x2000016c        -       0x00000018   Zero   RW          106    .bss.EXTI_Callback  gpio.o
    0x20000184        -       0x00000003   Zero   RW          156    .bss.InterruptSourceFallingEdge  gpio_config.o
    0x20000187        -       0x00000002   Zero   RW          498    .bss.LimitSwitch_PressedFlagArr  switch.o
    0x20000189        -       0x00000004   Zero   RW          496    .bss.ManualSwitchPressed_FlagArr  switch.o
    0x2000018d   0x00006288   0x00000003   PAD
    0x20000190        -       0x00000004   Zero   RW           35    .bss.MutexInfraredSensor  main.o
    0x20000194        -       0x00000004   Zero   RW           36    .bss.MutexLimitSwitch1  main.o
    0x20000198        -       0x00000004   Zero   RW           42    .bss.ON_OFFSwitchTaskHandle  main.o
    0x2000019c        -       0x00000001   Zero   RW          497    .bss.ON_OFFSwitch_PressedFlag  switch.o
    0x2000019d        -       0x00000001   Zero   RW          388    .bss.ObstacleDetected_Flag  infraredsensor.o
    0x2000019e   0x00006288   0x00000002   PAD
    0x200001a0        -       0x00000004   Zero   RW         1044    .bss.prvSampleTimeNow.xLastTime  timers.o
    0x200001a4        -       0x00000004   Zero   RW          667    .bss.pvPortMalloc.pucAlignedHeap  heap_1.o
    0x200001a8        -       0x00000004   Zero   RW          953    .bss.pxCurrentTCB   tasks.o
    0x200001ac        -       0x00000004   Zero   RW         1042    .bss.pxCurrentTimerList  timers.o
    0x200001b0        -       0x00000004   Zero   RW          964    .bss.pxDelayedTaskList  tasks.o
    0x200001b4        -       0x00000004   Zero   RW          965    .bss.pxOverflowDelayedTaskList  tasks.o
    0x200001b8        -       0x00000004   Zero   RW         1043    .bss.pxOverflowTimerList  timers.o
    0x200001bc        -       0x000000b4   Zero   RW          955    .bss.pxReadyTasksLists  tasks.o
    0x20000270        -       0x00002fd0   Zero   RW          668    .bss.ucHeap         heap_1.o
    0x20003240        -       0x00000001   Zero   RW          646    .bss.ucMaxSysCallPriority  port.o
    0x20003241   0x00006288   0x00000003   PAD
    0x20003244        -       0x00000004   Zero   RW          647    .bss.ulMaxPRIGROUPValue  port.o
    0x20003248        -       0x00000004   Zero   RW          651    .bss.ulStoppedTimerCompensation  port.o
    0x2000324c        -       0x00000004   Zero   RW          650    .bss.ulTimerCountsForOneTick  port.o
    0x20003250        -       0x00000004   Zero   RW          960    .bss.uxCurrentNumberOfTasks  tasks.o
    0x20003254        -       0x00000004   Zero   RW          959    .bss.uxDeletedTasksWaitingCleanUp  tasks.o
    0x20003258        -       0x00000004   Zero   RW          962    .bss.uxSchedulerSuspended  tasks.o
    0x2000325c        -       0x00000004   Zero   RW          957    .bss.uxTaskNumber   tasks.o
    0x20003260        -       0x00000004   Zero   RW          956    .bss.uxTopReadyPriority  tasks.o
    0x20003264        -       0x00000014   Zero   RW         1045    .bss.xActiveTimerList1  timers.o
    0x20003278        -       0x00000014   Zero   RW         1046    .bss.xActiveTimerList2  timers.o
    0x2000328c        -       0x00000004   Zero   RW           29    .bss.xBinarySemaphore  main.o
    0x20003290        -       0x00000014   Zero   RW          974    .bss.xDelayedTaskList1  tasks.o
    0x200032a4        -       0x00000014   Zero   RW          975    .bss.xDelayedTaskList2  tasks.o
    0x200032b8        -       0x00000004   Zero   RW          970    .bss.xIdleTaskHandle  tasks.o
    0x200032bc        -       0x00000004   Zero   RW          649    .bss.xMaximumPossibleSuppressedTicks  port.o
    0x200032c0        -       0x00000004   Zero   RW          669    .bss.xNextFreeByte  heap_1.o
    0x200032c4        -       0x00000004   Zero   RW          971    .bss.xNextTaskUnblockTime  tasks.o
    0x200032c8        -       0x00000004   Zero   RW          973    .bss.xNumOfOverflows  tasks.o
    0x200032cc        -       0x00000004   Zero   RW          972    .bss.xPendedTicks   tasks.o
    0x200032d0        -       0x00000014   Zero   RW          968    .bss.xPendingReadyList  tasks.o
    0x200032e4        -       0x00000004   Zero   RW          961    .bss.xSchedulerRunning  tasks.o
    0x200032e8        -       0x00000014   Zero   RW          966    .bss.xSuspendedTaskList  tasks.o
    0x200032fc        -       0x00000014   Zero   RW          958    .bss.xTasksWaitingTermination  tasks.o
    0x20003310        -       0x00000004   Zero   RW          963    .bss.xTickCount     tasks.o
    0x20003314        -       0x00000004   Zero   RW         1039    .bss.xTimerQueue    timers.o
    0x20003318        -       0x00000004   Zero   RW         1041    .bss.xTimerTaskHandle  timers.o
    0x2000331c        -       0x00000004   Zero   RW          967    .bss.xYieldPending  tasks.o
    0x20003320        -       0x00000000   Zero   RW          541    HEAP                startup_tm4c123.o
    0x20003320        -       0x00000200   Zero   RW          540    STACK               startup_tm4c123.o


==============================================================================

Image component sizes


      Code (inc. data)   RO Data    RW Data    ZI Data      Debug   Object Name

       342          0          0         24          0       2036   dc_motor.o
      2076          0        336         24         24       9557   gpio.o
         0          0        156          9          3       2791   gpio_config.o
       590          0        336          0          0       6302   gptm.o
         0          0         48         48          0       1684   gptm_config.o
        76          0          0          0          0       1684   hc-05.o
       228          0          0          0      12248       1641   heap_1.o
       178          0          0          2          1       1620   infraredsensor.o
       238          0          0          0          0       2200   list.o
      3104          0        554         30         50       8088   main.o
       124          0         32          0          0       2959   nvic.o
      1762         16          0          4         17       4900   port.o
      3530          0          0          0          0      16230   queue.o
       276         24        620          0        512       5484   startup_tm4c123.o
       892          0          0         62         11       3501   switch.o
        18          0          0          4          0       6558   system_tm4c123.o
       276          4         15          0          0       4753   systemcontrol.o
      6212          0          9          0        340      27149   tasks.o
      1266         10          8          0         60       9468   timers.o
       330          0        224          0          0      10174   uart.o
         0          0          0         12          0        928   uart_config.o

    ----------------------------------------------------------------------
     21680         54       2372        220      13280     129707   Object Totals
         0          0         32          0          0          0   (incl. Generated)
       162          0          2          1         14          0   (incl. Padding)

    ----------------------------------------------------------------------

      Code (inc. data)   RO Data    RW Data    ZI Data      Debug   Library Member Name

         8          0          0          0          0         68   __main.o
         0          0          0          0          0          0   __rtentry.o
        12          0          0          0          0          0   __rtentry2.o
         6          0          0          0          0          0   __rtentry4.o
        52          8          0          0          0          0   __scatter.o
        26          0          0          0          0          0   __scatter_copy.o
        28          0          0          0          0          0   __scatter_zi.o
        16          0          0          0          0         68   aeabi_memset4.o
        18          0          0          0          0         80   exit.o
         6          0          0          0          0        152   heapauxi.o
         0          0          0          0          0          0   indicate_semi.o
         2          0          0          0          0          0   libinit.o
         6          0          0          0          0          0   libinit2.o
         2          0          0          0          0          0   libshutdown.o
         2          0          0          0          0          0   libshutdown2.o
         8          4          0          0         96         68   libspace.o
       240          0          0          0          0        100   lludivv7m.o
        68          0          0          0          0         68   rt_memclr.o
        78          0          0          0          0         80   rt_memclr_w.o
       138          0          0          0          0         68   rt_memcpy_v6.o
       100          0          0          0          0         80   rt_memcpy_w.o
         2          0          0          0          0          0   rtexit.o
        10          0          0          0          0          0   rtexit2.o
        12          4          0          0          0         68   sys_exit.o
        74          0          0          0          0         80   sys_stackheap_outer.o
         2          0          0          0          0         68   use_no_semi.o
        26          0          0          0          0        116   fpinit.o

    ----------------------------------------------------------------------
       952         16          0          0         96       1164   Library Totals
        10          0          0          0          0          0   (incl. Padding)

    ----------------------------------------------------------------------

      Code (inc. data)   RO Data    RW Data    ZI Data      Debug   Library Name

       916         16          0          0         96       1048   c_w.l
        26          0          0          0          0        116   fz_wm.l

    ----------------------------------------------------------------------
       952         16          0          0         96       1164   Library Totals

    ----------------------------------------------------------------------

==============================================================================


      Code (inc. data)   RO Data    RW Data    ZI Data      Debug   

     22632         70       2372        220      13376     130083   Grand Totals
     22632         70       2372        220      13376     130083   ELF Image Totals
     22632         70       2372        220          0          0   ROM Totals

==============================================================================

    Total RO  Size (Code + RO Data)                25004 (  24.42kB)
    Total RW  Size (RW Data + ZI Data)             13596 (  13.28kB)
    Total ROM Size (Code + RO Data + RW Data)      25224 (  24.63kB)

==============================================================================

